Archive member included to satisfy reference by file (symbol)

c:/program files (x86)/atollic/truestudio for arm 8.0.0/armtools/bin/../lib/gcc/arm-atollic-eabi/6.3.1/../../../../arm-atollic-eabi/lib/armv7e-m/fpu\libc_nano.a(lib_a-init.o)
                              startup\startup_stm32f401xe.o (__libc_init_array)
c:/program files (x86)/atollic/truestudio for arm 8.0.0/armtools/bin/../lib/gcc/arm-atollic-eabi/6.3.1/../../../../arm-atollic-eabi/lib/armv7e-m/fpu\libm.a(lib_a-s_round.o)
                              Src\motor_control.o (round)
c:/program files (x86)/atollic/truestudio for arm 8.0.0/armtools/bin/../lib/gcc/arm-atollic-eabi/6.3.1/../../../../arm-atollic-eabi/lib/armv7e-m/fpu\libm.a(lib_a-w_atan2.o)
                              Src\sensors.o (atan2)
c:/program files (x86)/atollic/truestudio for arm 8.0.0/armtools/bin/../lib/gcc/arm-atollic-eabi/6.3.1/../../../../arm-atollic-eabi/lib/armv7e-m/fpu\libm.a(lib_a-e_atan2.o)
                              c:/program files (x86)/atollic/truestudio for arm 8.0.0/armtools/bin/../lib/gcc/arm-atollic-eabi/6.3.1/../../../../arm-atollic-eabi/lib/armv7e-m/fpu\libm.a(lib_a-w_atan2.o) (__ieee754_atan2)
c:/program files (x86)/atollic/truestudio for arm 8.0.0/armtools/bin/../lib/gcc/arm-atollic-eabi/6.3.1/../../../../arm-atollic-eabi/lib/armv7e-m/fpu\libm.a(lib_a-s_atan.o)
                              c:/program files (x86)/atollic/truestudio for arm 8.0.0/armtools/bin/../lib/gcc/arm-atollic-eabi/6.3.1/../../../../arm-atollic-eabi/lib/armv7e-m/fpu\libm.a(lib_a-e_atan2.o) (atan)
c:/program files (x86)/atollic/truestudio for arm 8.0.0/armtools/bin/../lib/gcc/arm-atollic-eabi/6.3.1/../../../../arm-atollic-eabi/lib/armv7e-m/fpu\libm.a(lib_a-s_fabs.o)
                              c:/program files (x86)/atollic/truestudio for arm 8.0.0/armtools/bin/../lib/gcc/arm-atollic-eabi/6.3.1/../../../../arm-atollic-eabi/lib/armv7e-m/fpu\libm.a(lib_a-e_atan2.o) (fabs)
c:/program files (x86)/atollic/truestudio for arm 8.0.0/armtools/bin/../lib/gcc/arm-atollic-eabi/6.3.1/armv7e-m/fpu\libgcc.a(_arm_addsubdf3.o)
                              c:/program files (x86)/atollic/truestudio for arm 8.0.0/armtools/bin/../lib/gcc/arm-atollic-eabi/6.3.1/../../../../arm-atollic-eabi/lib/armv7e-m/fpu\libm.a(lib_a-e_atan2.o) (__aeabi_dsub)
c:/program files (x86)/atollic/truestudio for arm 8.0.0/armtools/bin/../lib/gcc/arm-atollic-eabi/6.3.1/armv7e-m/fpu\libgcc.a(_arm_muldivdf3.o)
                              Src\motor_control.o (__aeabi_dmul)
c:/program files (x86)/atollic/truestudio for arm 8.0.0/armtools/bin/../lib/gcc/arm-atollic-eabi/6.3.1/armv7e-m/fpu\libgcc.a(_arm_cmpdf2.o)
                              c:/program files (x86)/atollic/truestudio for arm 8.0.0/armtools/bin/../lib/gcc/arm-atollic-eabi/6.3.1/../../../../arm-atollic-eabi/lib/armv7e-m/fpu\libm.a(lib_a-s_atan.o) (__aeabi_dcmpgt)
c:/program files (x86)/atollic/truestudio for arm 8.0.0/armtools/bin/../lib/gcc/arm-atollic-eabi/6.3.1/armv7e-m/fpu\libgcc.a(_arm_fixunsdfsi.o)
                              Src\motor_control.o (__aeabi_d2uiz)
c:/program files (x86)/atollic/truestudio for arm 8.0.0/armtools/bin/../lib/gcc/arm-atollic-eabi/6.3.1/armv7e-m/fpu\libgcc.a(_arm_truncdfsf2.o)
                              Src\sensors.o (__aeabi_d2f)

Allocating common symbols
Common symbol       size              file

motor_2_power       0x2               Src\main.o
hi2c1               0x54              Src\HW_Init.o
motor_3_power       0x2               Src\main.o
diagnostics_timer   0x4               Src\diagnostics.o
uwTick              0x4               Drivers\STM32F4xx_HAL_Driver\Src\stm32f4xx_hal.o
pFlash              0x20              Drivers\STM32F4xx_HAL_Driver\Src\stm32f4xx_hal_flash.o
htim3               0x3c              Src\HW_Init.o
hadc1               0x48              Src\HW_Init.o
quad_state          0x68              Src\sensors.o
tick                0x4               Src\serial.o
htim1               0x3c              Src\HW_Init.o
input_4             0x4               Src\main.o
input_2             0x4               Src\main.o
huart2              0x40              Src\HW_Init.o
motor_1_power       0x2               Src\main.o
motor_4_power       0x2               Src\main.o
input_3             0x4               Src\main.o
input_1             0x4               Src\main.o
mpu1                0x4c              Src\main.o

Discarded input sections

 .text          0x00000000        0x0 c:/program files (x86)/atollic/truestudio for arm 8.0.0/armtools/bin/../lib/gcc/arm-atollic-eabi/6.3.1/armv7e-m/fpu/crti.o
 .data          0x00000000        0x0 c:/program files (x86)/atollic/truestudio for arm 8.0.0/armtools/bin/../lib/gcc/arm-atollic-eabi/6.3.1/armv7e-m/fpu/crti.o
 .bss           0x00000000        0x0 c:/program files (x86)/atollic/truestudio for arm 8.0.0/armtools/bin/../lib/gcc/arm-atollic-eabi/6.3.1/armv7e-m/fpu/crti.o
 .data          0x00000000        0x4 c:/program files (x86)/atollic/truestudio for arm 8.0.0/armtools/bin/../lib/gcc/arm-atollic-eabi/6.3.1/armv7e-m/fpu/crtbegin.o
 .data          0x00000000        0x0 Drivers\STM32F4xx_HAL_Driver\Src\stm32f4xx_hal.o
 .bss           0x00000000        0x0 Drivers\STM32F4xx_HAL_Driver\Src\stm32f4xx_hal.o
 .data          0x00000000        0x0 Drivers\STM32F4xx_HAL_Driver\Src\stm32f4xx_hal_adc.o
 .bss           0x00000000        0x0 Drivers\STM32F4xx_HAL_Driver\Src\stm32f4xx_hal_adc.o
 .data          0x00000000        0x0 Drivers\STM32F4xx_HAL_Driver\Src\stm32f4xx_hal_adc_ex.o
 .bss           0x00000000        0x0 Drivers\STM32F4xx_HAL_Driver\Src\stm32f4xx_hal_adc_ex.o
 .data          0x00000000        0x0 Drivers\STM32F4xx_HAL_Driver\Src\stm32f4xx_hal_cortex.o
 .bss           0x00000000        0x0 Drivers\STM32F4xx_HAL_Driver\Src\stm32f4xx_hal_cortex.o
 .data          0x00000000        0x0 Drivers\STM32F4xx_HAL_Driver\Src\stm32f4xx_hal_dma.o
 .bss           0x00000000        0x0 Drivers\STM32F4xx_HAL_Driver\Src\stm32f4xx_hal_dma.o
 .text          0x00000000     0x15a8 Drivers\STM32F4xx_HAL_Driver\Src\stm32f4xx_hal_dma_ex.o
 .data          0x00000000        0x0 Drivers\STM32F4xx_HAL_Driver\Src\stm32f4xx_hal_dma_ex.o
 .bss           0x00000000        0x0 Drivers\STM32F4xx_HAL_Driver\Src\stm32f4xx_hal_dma_ex.o
 .debug_info    0x00000000      0xd86 Drivers\STM32F4xx_HAL_Driver\Src\stm32f4xx_hal_dma_ex.o
 .debug_abbrev  0x00000000      0x20f Drivers\STM32F4xx_HAL_Driver\Src\stm32f4xx_hal_dma_ex.o
 .debug_aranges
                0x00000000       0x20 Drivers\STM32F4xx_HAL_Driver\Src\stm32f4xx_hal_dma_ex.o
 .debug_line    0x00000000      0xe31 Drivers\STM32F4xx_HAL_Driver\Src\stm32f4xx_hal_dma_ex.o
 .debug_str     0x00000000      0x9b7 Drivers\STM32F4xx_HAL_Driver\Src\stm32f4xx_hal_dma_ex.o
 .comment       0x00000000       0x7d Drivers\STM32F4xx_HAL_Driver\Src\stm32f4xx_hal_dma_ex.o
 .debug_frame   0x00000000       0xac Drivers\STM32F4xx_HAL_Driver\Src\stm32f4xx_hal_dma_ex.o
 .ARM.attributes
                0x00000000       0x39 Drivers\STM32F4xx_HAL_Driver\Src\stm32f4xx_hal_dma_ex.o
 .text          0x00000000      0x60c Drivers\STM32F4xx_HAL_Driver\Src\stm32f4xx_hal_flash.o
 .data          0x00000000        0x0 Drivers\STM32F4xx_HAL_Driver\Src\stm32f4xx_hal_flash.o
 .bss           0x00000000        0x0 Drivers\STM32F4xx_HAL_Driver\Src\stm32f4xx_hal_flash.o
 .debug_info    0x00000000      0xdb0 Drivers\STM32F4xx_HAL_Driver\Src\stm32f4xx_hal_flash.o
 .debug_abbrev  0x00000000      0x2c3 Drivers\STM32F4xx_HAL_Driver\Src\stm32f4xx_hal_flash.o
 .debug_aranges
                0x00000000       0x20 Drivers\STM32F4xx_HAL_Driver\Src\stm32f4xx_hal_flash.o
 .debug_line    0x00000000      0x3b4 Drivers\STM32F4xx_HAL_Driver\Src\stm32f4xx_hal_flash.o
 .debug_str     0x00000000      0x96f Drivers\STM32F4xx_HAL_Driver\Src\stm32f4xx_hal_flash.o
 .comment       0x00000000       0x7d Drivers\STM32F4xx_HAL_Driver\Src\stm32f4xx_hal_flash.o
 .debug_frame   0x00000000      0x274 Drivers\STM32F4xx_HAL_Driver\Src\stm32f4xx_hal_flash.o
 .ARM.attributes
                0x00000000       0x39 Drivers\STM32F4xx_HAL_Driver\Src\stm32f4xx_hal_flash.o
 COMMON         0x00000000       0x20 Drivers\STM32F4xx_HAL_Driver\Src\stm32f4xx_hal_flash.o
 .text          0x00000000      0x764 Drivers\STM32F4xx_HAL_Driver\Src\stm32f4xx_hal_flash_ex.o
 .data          0x00000000        0x0 Drivers\STM32F4xx_HAL_Driver\Src\stm32f4xx_hal_flash_ex.o
 .bss           0x00000000        0x0 Drivers\STM32F4xx_HAL_Driver\Src\stm32f4xx_hal_flash_ex.o
 .debug_info    0x00000000     0x1094 Drivers\STM32F4xx_HAL_Driver\Src\stm32f4xx_hal_flash_ex.o
 .debug_abbrev  0x00000000      0x323 Drivers\STM32F4xx_HAL_Driver\Src\stm32f4xx_hal_flash_ex.o
 .debug_aranges
                0x00000000       0x20 Drivers\STM32F4xx_HAL_Driver\Src\stm32f4xx_hal_flash_ex.o
 .debug_line    0x00000000      0x430 Drivers\STM32F4xx_HAL_Driver\Src\stm32f4xx_hal_flash_ex.o
 .debug_str     0x00000000      0xac2 Drivers\STM32F4xx_HAL_Driver\Src\stm32f4xx_hal_flash_ex.o
 .comment       0x00000000       0x7d Drivers\STM32F4xx_HAL_Driver\Src\stm32f4xx_hal_flash_ex.o
 .debug_frame   0x00000000      0x334 Drivers\STM32F4xx_HAL_Driver\Src\stm32f4xx_hal_flash_ex.o
 .ARM.attributes
                0x00000000       0x39 Drivers\STM32F4xx_HAL_Driver\Src\stm32f4xx_hal_flash_ex.o
 .text          0x00000000        0x0 Drivers\STM32F4xx_HAL_Driver\Src\stm32f4xx_hal_flash_ramfunc.o
 .data          0x00000000        0x0 Drivers\STM32F4xx_HAL_Driver\Src\stm32f4xx_hal_flash_ramfunc.o
 .bss           0x00000000        0x0 Drivers\STM32F4xx_HAL_Driver\Src\stm32f4xx_hal_flash_ramfunc.o
 .debug_info    0x00000000      0x927 Drivers\STM32F4xx_HAL_Driver\Src\stm32f4xx_hal_flash_ramfunc.o
 .debug_abbrev  0x00000000      0x15c Drivers\STM32F4xx_HAL_Driver\Src\stm32f4xx_hal_flash_ramfunc.o
 .debug_aranges
                0x00000000       0x18 Drivers\STM32F4xx_HAL_Driver\Src\stm32f4xx_hal_flash_ramfunc.o
 .debug_line    0x00000000      0x1fd Drivers\STM32F4xx_HAL_Driver\Src\stm32f4xx_hal_flash_ramfunc.o
 .debug_str     0x00000000      0x63c Drivers\STM32F4xx_HAL_Driver\Src\stm32f4xx_hal_flash_ramfunc.o
 .comment       0x00000000       0x7d Drivers\STM32F4xx_HAL_Driver\Src\stm32f4xx_hal_flash_ramfunc.o
 .ARM.attributes
                0x00000000       0x39 Drivers\STM32F4xx_HAL_Driver\Src\stm32f4xx_hal_flash_ramfunc.o
 .data          0x00000000        0x0 Drivers\STM32F4xx_HAL_Driver\Src\stm32f4xx_hal_gpio.o
 .bss           0x00000000        0x0 Drivers\STM32F4xx_HAL_Driver\Src\stm32f4xx_hal_gpio.o
 .data          0x00000000        0x0 Drivers\STM32F4xx_HAL_Driver\Src\stm32f4xx_hal_i2c.o
 .bss           0x00000000        0x0 Drivers\STM32F4xx_HAL_Driver\Src\stm32f4xx_hal_i2c.o
 .text          0x00000000       0xf6 Drivers\STM32F4xx_HAL_Driver\Src\stm32f4xx_hal_i2c_ex.o
 .data          0x00000000        0x0 Drivers\STM32F4xx_HAL_Driver\Src\stm32f4xx_hal_i2c_ex.o
 .bss           0x00000000        0x0 Drivers\STM32F4xx_HAL_Driver\Src\stm32f4xx_hal_i2c_ex.o
 .debug_info    0x00000000      0xecd Drivers\STM32F4xx_HAL_Driver\Src\stm32f4xx_hal_i2c_ex.o
 .debug_abbrev  0x00000000      0x1d9 Drivers\STM32F4xx_HAL_Driver\Src\stm32f4xx_hal_i2c_ex.o
 .debug_aranges
                0x00000000       0x20 Drivers\STM32F4xx_HAL_Driver\Src\stm32f4xx_hal_i2c_ex.o
 .debug_line    0x00000000      0x2df Drivers\STM32F4xx_HAL_Driver\Src\stm32f4xx_hal_i2c_ex.o
 .debug_str     0x00000000      0xbb3 Drivers\STM32F4xx_HAL_Driver\Src\stm32f4xx_hal_i2c_ex.o
 .comment       0x00000000       0x7d Drivers\STM32F4xx_HAL_Driver\Src\stm32f4xx_hal_i2c_ex.o
 .debug_frame   0x00000000       0x60 Drivers\STM32F4xx_HAL_Driver\Src\stm32f4xx_hal_i2c_ex.o
 .ARM.attributes
                0x00000000       0x39 Drivers\STM32F4xx_HAL_Driver\Src\stm32f4xx_hal_i2c_ex.o
 .text          0x00000000      0x37c Drivers\STM32F4xx_HAL_Driver\Src\stm32f4xx_hal_pwr.o
 .data          0x00000000        0x0 Drivers\STM32F4xx_HAL_Driver\Src\stm32f4xx_hal_pwr.o
 .bss           0x00000000        0x0 Drivers\STM32F4xx_HAL_Driver\Src\stm32f4xx_hal_pwr.o
 .debug_info    0x00000000     0x10eb Drivers\STM32F4xx_HAL_Driver\Src\stm32f4xx_hal_pwr.o
 .debug_abbrev  0x00000000      0x29d Drivers\STM32F4xx_HAL_Driver\Src\stm32f4xx_hal_pwr.o
 .debug_aranges
                0x00000000       0x20 Drivers\STM32F4xx_HAL_Driver\Src\stm32f4xx_hal_pwr.o
 .debug_line    0x00000000      0x376 Drivers\STM32F4xx_HAL_Driver\Src\stm32f4xx_hal_pwr.o
 .debug_str     0x00000000      0x9cb Drivers\STM32F4xx_HAL_Driver\Src\stm32f4xx_hal_pwr.o
 .comment       0x00000000       0x7d Drivers\STM32F4xx_HAL_Driver\Src\stm32f4xx_hal_pwr.o
 .debug_frame   0x00000000      0x274 Drivers\STM32F4xx_HAL_Driver\Src\stm32f4xx_hal_pwr.o
 .ARM.attributes
                0x00000000       0x39 Drivers\STM32F4xx_HAL_Driver\Src\stm32f4xx_hal_pwr.o
 .text          0x00000000      0x324 Drivers\STM32F4xx_HAL_Driver\Src\stm32f4xx_hal_pwr_ex.o
 .data          0x00000000        0x0 Drivers\STM32F4xx_HAL_Driver\Src\stm32f4xx_hal_pwr_ex.o
 .bss           0x00000000        0x0 Drivers\STM32F4xx_HAL_Driver\Src\stm32f4xx_hal_pwr_ex.o
 .debug_info    0x00000000      0xe70 Drivers\STM32F4xx_HAL_Driver\Src\stm32f4xx_hal_pwr_ex.o
 .debug_abbrev  0x00000000      0x2b0 Drivers\STM32F4xx_HAL_Driver\Src\stm32f4xx_hal_pwr_ex.o
 .debug_aranges
                0x00000000       0x20 Drivers\STM32F4xx_HAL_Driver\Src\stm32f4xx_hal_pwr_ex.o
 .debug_line    0x00000000      0x379 Drivers\STM32F4xx_HAL_Driver\Src\stm32f4xx_hal_pwr_ex.o
 .debug_str     0x00000000      0x91a Drivers\STM32F4xx_HAL_Driver\Src\stm32f4xx_hal_pwr_ex.o
 .comment       0x00000000       0x7d Drivers\STM32F4xx_HAL_Driver\Src\stm32f4xx_hal_pwr_ex.o
 .debug_frame   0x00000000      0x18c Drivers\STM32F4xx_HAL_Driver\Src\stm32f4xx_hal_pwr_ex.o
 .ARM.attributes
                0x00000000       0x39 Drivers\STM32F4xx_HAL_Driver\Src\stm32f4xx_hal_pwr_ex.o
 .data          0x00000000        0x0 Drivers\STM32F4xx_HAL_Driver\Src\stm32f4xx_hal_rcc.o
 .bss           0x00000000        0x0 Drivers\STM32F4xx_HAL_Driver\Src\stm32f4xx_hal_rcc.o
 .text          0x00000000      0x3d8 Drivers\STM32F4xx_HAL_Driver\Src\stm32f4xx_hal_rcc_ex.o
 .data          0x00000000        0x0 Drivers\STM32F4xx_HAL_Driver\Src\stm32f4xx_hal_rcc_ex.o
 .bss           0x00000000        0x0 Drivers\STM32F4xx_HAL_Driver\Src\stm32f4xx_hal_rcc_ex.o
 .debug_info    0x00000000      0xe06 Drivers\STM32F4xx_HAL_Driver\Src\stm32f4xx_hal_rcc_ex.o
 .debug_abbrev  0x00000000      0x287 Drivers\STM32F4xx_HAL_Driver\Src\stm32f4xx_hal_rcc_ex.o
 .debug_aranges
                0x00000000       0x20 Drivers\STM32F4xx_HAL_Driver\Src\stm32f4xx_hal_rcc_ex.o
 .debug_line    0x00000000      0x394 Drivers\STM32F4xx_HAL_Driver\Src\stm32f4xx_hal_rcc_ex.o
 .debug_str     0x00000000      0x8ec Drivers\STM32F4xx_HAL_Driver\Src\stm32f4xx_hal_rcc_ex.o
 .comment       0x00000000       0x7d Drivers\STM32F4xx_HAL_Driver\Src\stm32f4xx_hal_rcc_ex.o
 .debug_frame   0x00000000       0xa4 Drivers\STM32F4xx_HAL_Driver\Src\stm32f4xx_hal_rcc_ex.o
 .ARM.attributes
                0x00000000       0x39 Drivers\STM32F4xx_HAL_Driver\Src\stm32f4xx_hal_rcc_ex.o
 .data          0x00000000        0x0 Drivers\STM32F4xx_HAL_Driver\Src\stm32f4xx_hal_tim.o
 .bss           0x00000000        0x0 Drivers\STM32F4xx_HAL_Driver\Src\stm32f4xx_hal_tim.o
 .data          0x00000000        0x0 Drivers\STM32F4xx_HAL_Driver\Src\stm32f4xx_hal_tim_ex.o
 .bss           0x00000000        0x0 Drivers\STM32F4xx_HAL_Driver\Src\stm32f4xx_hal_tim_ex.o
 .data          0x00000000        0x0 Drivers\STM32F4xx_HAL_Driver\Src\stm32f4xx_hal_uart.o
 .bss           0x00000000        0x0 Drivers\STM32F4xx_HAL_Driver\Src\stm32f4xx_hal_uart.o
 .data          0x00000000        0x0 Src\HW_Init.o
 .bss           0x00000000        0x0 Src\HW_Init.o
 .data          0x00000000        0x0 Src\Kalman.o
 .bss           0x00000000        0x0 Src\Kalman.o
 .text          0x00000000      0x158 Src\diagnostics.o
 .data          0x00000000        0x0 Src\diagnostics.o
 .bss           0x00000000        0x0 Src\diagnostics.o
 .data          0x00000000        0x0 Src\main.o
 .bss           0x00000000        0x0 Src\main.o
 .data          0x00000000        0x0 Src\motor_control.o
 .bss           0x00000000        0x0 Src\motor_control.o
 .data          0x00000000        0x0 Src\mpu6050.o
 .bss           0x00000000        0x0 Src\mpu6050.o
 .data          0x00000000        0x0 Src\sensors.o
 .bss           0x00000000        0x0 Src\sensors.o
 .data          0x00000000        0x0 Src\serial.o
 .bss           0x00000000        0x0 Src\serial.o
 .data          0x00000000        0x0 Src\stm32f4xx_hal_msp.o
 .bss           0x00000000        0x0 Src\stm32f4xx_hal_msp.o
 .data          0x00000000        0x0 Src\stm32f4xx_it.o
 .bss           0x00000000        0x0 Src\stm32f4xx_it.o
 .bss           0x00000000        0x0 Src\system_stm32f4xx.o
 .text          0x00000000       0x14 startup\startup_stm32f401xe.o
 .data          0x00000000        0x0 startup\startup_stm32f401xe.o
 .bss           0x00000000        0x0 startup\startup_stm32f401xe.o
 .text          0x00000000        0x0 c:/program files (x86)/atollic/truestudio for arm 8.0.0/armtools/bin/../lib/gcc/arm-atollic-eabi/6.3.1/../../../../arm-atollic-eabi/lib/armv7e-m/fpu\libc_nano.a(lib_a-init.o)
 .data          0x00000000        0x0 c:/program files (x86)/atollic/truestudio for arm 8.0.0/armtools/bin/../lib/gcc/arm-atollic-eabi/6.3.1/../../../../arm-atollic-eabi/lib/armv7e-m/fpu\libc_nano.a(lib_a-init.o)
 .bss           0x00000000        0x0 c:/program files (x86)/atollic/truestudio for arm 8.0.0/armtools/bin/../lib/gcc/arm-atollic-eabi/6.3.1/../../../../arm-atollic-eabi/lib/armv7e-m/fpu\libc_nano.a(lib_a-init.o)
 .text          0x00000000        0x0 c:/program files (x86)/atollic/truestudio for arm 8.0.0/armtools/bin/../lib/gcc/arm-atollic-eabi/6.3.1/../../../../arm-atollic-eabi/lib/armv7e-m/fpu\libm.a(lib_a-s_round.o)
 .data          0x00000000        0x0 c:/program files (x86)/atollic/truestudio for arm 8.0.0/armtools/bin/../lib/gcc/arm-atollic-eabi/6.3.1/../../../../arm-atollic-eabi/lib/armv7e-m/fpu\libm.a(lib_a-s_round.o)
 .bss           0x00000000        0x0 c:/program files (x86)/atollic/truestudio for arm 8.0.0/armtools/bin/../lib/gcc/arm-atollic-eabi/6.3.1/../../../../arm-atollic-eabi/lib/armv7e-m/fpu\libm.a(lib_a-s_round.o)
 .text          0x00000000        0x0 c:/program files (x86)/atollic/truestudio for arm 8.0.0/armtools/bin/../lib/gcc/arm-atollic-eabi/6.3.1/../../../../arm-atollic-eabi/lib/armv7e-m/fpu\libm.a(lib_a-w_atan2.o)
 .data          0x00000000        0x0 c:/program files (x86)/atollic/truestudio for arm 8.0.0/armtools/bin/../lib/gcc/arm-atollic-eabi/6.3.1/../../../../arm-atollic-eabi/lib/armv7e-m/fpu\libm.a(lib_a-w_atan2.o)
 .bss           0x00000000        0x0 c:/program files (x86)/atollic/truestudio for arm 8.0.0/armtools/bin/../lib/gcc/arm-atollic-eabi/6.3.1/../../../../arm-atollic-eabi/lib/armv7e-m/fpu\libm.a(lib_a-w_atan2.o)
 .text          0x00000000        0x0 c:/program files (x86)/atollic/truestudio for arm 8.0.0/armtools/bin/../lib/gcc/arm-atollic-eabi/6.3.1/../../../../arm-atollic-eabi/lib/armv7e-m/fpu\libm.a(lib_a-e_atan2.o)
 .data          0x00000000        0x0 c:/program files (x86)/atollic/truestudio for arm 8.0.0/armtools/bin/../lib/gcc/arm-atollic-eabi/6.3.1/../../../../arm-atollic-eabi/lib/armv7e-m/fpu\libm.a(lib_a-e_atan2.o)
 .bss           0x00000000        0x0 c:/program files (x86)/atollic/truestudio for arm 8.0.0/armtools/bin/../lib/gcc/arm-atollic-eabi/6.3.1/../../../../arm-atollic-eabi/lib/armv7e-m/fpu\libm.a(lib_a-e_atan2.o)
 .text          0x00000000        0x0 c:/program files (x86)/atollic/truestudio for arm 8.0.0/armtools/bin/../lib/gcc/arm-atollic-eabi/6.3.1/../../../../arm-atollic-eabi/lib/armv7e-m/fpu\libm.a(lib_a-s_atan.o)
 .data          0x00000000        0x0 c:/program files (x86)/atollic/truestudio for arm 8.0.0/armtools/bin/../lib/gcc/arm-atollic-eabi/6.3.1/../../../../arm-atollic-eabi/lib/armv7e-m/fpu\libm.a(lib_a-s_atan.o)
 .bss           0x00000000        0x0 c:/program files (x86)/atollic/truestudio for arm 8.0.0/armtools/bin/../lib/gcc/arm-atollic-eabi/6.3.1/../../../../arm-atollic-eabi/lib/armv7e-m/fpu\libm.a(lib_a-s_atan.o)
 .text          0x00000000        0x0 c:/program files (x86)/atollic/truestudio for arm 8.0.0/armtools/bin/../lib/gcc/arm-atollic-eabi/6.3.1/../../../../arm-atollic-eabi/lib/armv7e-m/fpu\libm.a(lib_a-s_fabs.o)
 .data          0x00000000        0x0 c:/program files (x86)/atollic/truestudio for arm 8.0.0/armtools/bin/../lib/gcc/arm-atollic-eabi/6.3.1/../../../../arm-atollic-eabi/lib/armv7e-m/fpu\libm.a(lib_a-s_fabs.o)
 .bss           0x00000000        0x0 c:/program files (x86)/atollic/truestudio for arm 8.0.0/armtools/bin/../lib/gcc/arm-atollic-eabi/6.3.1/../../../../arm-atollic-eabi/lib/armv7e-m/fpu\libm.a(lib_a-s_fabs.o)
 .data          0x00000000        0x0 c:/program files (x86)/atollic/truestudio for arm 8.0.0/armtools/bin/../lib/gcc/arm-atollic-eabi/6.3.1/armv7e-m/fpu\libgcc.a(_arm_addsubdf3.o)
 .bss           0x00000000        0x0 c:/program files (x86)/atollic/truestudio for arm 8.0.0/armtools/bin/../lib/gcc/arm-atollic-eabi/6.3.1/armv7e-m/fpu\libgcc.a(_arm_addsubdf3.o)
 .data          0x00000000        0x0 c:/program files (x86)/atollic/truestudio for arm 8.0.0/armtools/bin/../lib/gcc/arm-atollic-eabi/6.3.1/armv7e-m/fpu\libgcc.a(_arm_muldivdf3.o)
 .bss           0x00000000        0x0 c:/program files (x86)/atollic/truestudio for arm 8.0.0/armtools/bin/../lib/gcc/arm-atollic-eabi/6.3.1/armv7e-m/fpu\libgcc.a(_arm_muldivdf3.o)
 .data          0x00000000        0x0 c:/program files (x86)/atollic/truestudio for arm 8.0.0/armtools/bin/../lib/gcc/arm-atollic-eabi/6.3.1/armv7e-m/fpu\libgcc.a(_arm_cmpdf2.o)
 .bss           0x00000000        0x0 c:/program files (x86)/atollic/truestudio for arm 8.0.0/armtools/bin/../lib/gcc/arm-atollic-eabi/6.3.1/armv7e-m/fpu\libgcc.a(_arm_cmpdf2.o)
 .data          0x00000000        0x0 c:/program files (x86)/atollic/truestudio for arm 8.0.0/armtools/bin/../lib/gcc/arm-atollic-eabi/6.3.1/armv7e-m/fpu\libgcc.a(_arm_fixunsdfsi.o)
 .bss           0x00000000        0x0 c:/program files (x86)/atollic/truestudio for arm 8.0.0/armtools/bin/../lib/gcc/arm-atollic-eabi/6.3.1/armv7e-m/fpu\libgcc.a(_arm_fixunsdfsi.o)
 .data          0x00000000        0x0 c:/program files (x86)/atollic/truestudio for arm 8.0.0/armtools/bin/../lib/gcc/arm-atollic-eabi/6.3.1/armv7e-m/fpu\libgcc.a(_arm_truncdfsf2.o)
 .bss           0x00000000        0x0 c:/program files (x86)/atollic/truestudio for arm 8.0.0/armtools/bin/../lib/gcc/arm-atollic-eabi/6.3.1/armv7e-m/fpu\libgcc.a(_arm_truncdfsf2.o)
 .text          0x00000000        0x0 c:/program files (x86)/atollic/truestudio for arm 8.0.0/armtools/bin/../lib/gcc/arm-atollic-eabi/6.3.1/armv7e-m/fpu/crtend.o
 .data          0x00000000        0x0 c:/program files (x86)/atollic/truestudio for arm 8.0.0/armtools/bin/../lib/gcc/arm-atollic-eabi/6.3.1/armv7e-m/fpu/crtend.o
 .bss           0x00000000        0x0 c:/program files (x86)/atollic/truestudio for arm 8.0.0/armtools/bin/../lib/gcc/arm-atollic-eabi/6.3.1/armv7e-m/fpu/crtend.o
 .eh_frame      0x00000000        0x4 c:/program files (x86)/atollic/truestudio for arm 8.0.0/armtools/bin/../lib/gcc/arm-atollic-eabi/6.3.1/armv7e-m/fpu/crtend.o
 .ARM.attributes
                0x00000000       0x34 c:/program files (x86)/atollic/truestudio for arm 8.0.0/armtools/bin/../lib/gcc/arm-atollic-eabi/6.3.1/armv7e-m/fpu/crtend.o
 .text          0x00000000        0x0 c:/program files (x86)/atollic/truestudio for arm 8.0.0/armtools/bin/../lib/gcc/arm-atollic-eabi/6.3.1/armv7e-m/fpu/crtn.o
 .data          0x00000000        0x0 c:/program files (x86)/atollic/truestudio for arm 8.0.0/armtools/bin/../lib/gcc/arm-atollic-eabi/6.3.1/armv7e-m/fpu/crtn.o
 .bss           0x00000000        0x0 c:/program files (x86)/atollic/truestudio for arm 8.0.0/armtools/bin/../lib/gcc/arm-atollic-eabi/6.3.1/armv7e-m/fpu/crtn.o

Memory Configuration

Name             Origin             Length             Attributes
RAM              0x20000000         0x00018000         xrw
FLASH            0x08000000         0x00080000         xr
*default*        0x00000000         0xffffffff

Linker script and memory map

LOAD c:/program files (x86)/atollic/truestudio for arm 8.0.0/armtools/bin/../lib/gcc/arm-atollic-eabi/6.3.1/armv7e-m/fpu/crti.o
LOAD c:/program files (x86)/atollic/truestudio for arm 8.0.0/armtools/bin/../lib/gcc/arm-atollic-eabi/6.3.1/armv7e-m/fpu/crtbegin.o
LOAD Drivers\STM32F4xx_HAL_Driver\Src\stm32f4xx_hal.o
LOAD Drivers\STM32F4xx_HAL_Driver\Src\stm32f4xx_hal_adc.o
LOAD Drivers\STM32F4xx_HAL_Driver\Src\stm32f4xx_hal_adc_ex.o
LOAD Drivers\STM32F4xx_HAL_Driver\Src\stm32f4xx_hal_cortex.o
LOAD Drivers\STM32F4xx_HAL_Driver\Src\stm32f4xx_hal_dma.o
LOAD Drivers\STM32F4xx_HAL_Driver\Src\stm32f4xx_hal_dma_ex.o
LOAD Drivers\STM32F4xx_HAL_Driver\Src\stm32f4xx_hal_flash.o
LOAD Drivers\STM32F4xx_HAL_Driver\Src\stm32f4xx_hal_flash_ex.o
LOAD Drivers\STM32F4xx_HAL_Driver\Src\stm32f4xx_hal_flash_ramfunc.o
LOAD Drivers\STM32F4xx_HAL_Driver\Src\stm32f4xx_hal_gpio.o
LOAD Drivers\STM32F4xx_HAL_Driver\Src\stm32f4xx_hal_i2c.o
LOAD Drivers\STM32F4xx_HAL_Driver\Src\stm32f4xx_hal_i2c_ex.o
LOAD Drivers\STM32F4xx_HAL_Driver\Src\stm32f4xx_hal_pwr.o
LOAD Drivers\STM32F4xx_HAL_Driver\Src\stm32f4xx_hal_pwr_ex.o
LOAD Drivers\STM32F4xx_HAL_Driver\Src\stm32f4xx_hal_rcc.o
LOAD Drivers\STM32F4xx_HAL_Driver\Src\stm32f4xx_hal_rcc_ex.o
LOAD Drivers\STM32F4xx_HAL_Driver\Src\stm32f4xx_hal_tim.o
LOAD Drivers\STM32F4xx_HAL_Driver\Src\stm32f4xx_hal_tim_ex.o
LOAD Drivers\STM32F4xx_HAL_Driver\Src\stm32f4xx_hal_uart.o
LOAD Src\HW_Init.o
LOAD Src\Kalman.o
LOAD Src\diagnostics.o
LOAD Src\main.o
LOAD Src\motor_control.o
LOAD Src\mpu6050.o
LOAD Src\sensors.o
LOAD Src\serial.o
LOAD Src\stm32f4xx_hal_msp.o
LOAD Src\stm32f4xx_it.o
LOAD Src\system_stm32f4xx.o
LOAD startup\startup_stm32f401xe.o
                0x00000080                malloc_getpagesize_P = 0x80
START GROUP
LOAD c:/program files (x86)/atollic/truestudio for arm 8.0.0/armtools/bin/../lib/gcc/arm-atollic-eabi/6.3.1/../../../../arm-atollic-eabi/lib/armv7e-m/fpu\libc_nano.a
LOAD c:/program files (x86)/atollic/truestudio for arm 8.0.0/armtools/bin/../lib/gcc/arm-atollic-eabi/6.3.1/../../../../arm-atollic-eabi/lib/armv7e-m/fpu\libm.a
END GROUP
START GROUP
LOAD c:/program files (x86)/atollic/truestudio for arm 8.0.0/armtools/bin/../lib/gcc/arm-atollic-eabi/6.3.1/armv7e-m/fpu\libgcc.a
LOAD c:/program files (x86)/atollic/truestudio for arm 8.0.0/armtools/bin/../lib/gcc/arm-atollic-eabi/6.3.1/../../../../arm-atollic-eabi/lib/armv7e-m/fpu\libc_nano.a
END GROUP
START GROUP
LOAD c:/program files (x86)/atollic/truestudio for arm 8.0.0/armtools/bin/../lib/gcc/arm-atollic-eabi/6.3.1/armv7e-m/fpu\libgcc.a
LOAD c:/program files (x86)/atollic/truestudio for arm 8.0.0/armtools/bin/../lib/gcc/arm-atollic-eabi/6.3.1/../../../../arm-atollic-eabi/lib/armv7e-m/fpu\libc_nano.a
LOAD c:/program files (x86)/atollic/truestudio for arm 8.0.0/armtools/bin/../lib/gcc/arm-atollic-eabi/6.3.1/../../../../arm-atollic-eabi/lib/armv7e-m/fpu\libnosys.a
END GROUP
START GROUP
LOAD c:/program files (x86)/atollic/truestudio for arm 8.0.0/armtools/bin/../lib/gcc/arm-atollic-eabi/6.3.1/armv7e-m/fpu\libgcc.a
LOAD c:/program files (x86)/atollic/truestudio for arm 8.0.0/armtools/bin/../lib/gcc/arm-atollic-eabi/6.3.1/../../../../arm-atollic-eabi/lib/armv7e-m/fpu\libc_nano.a
LOAD c:/program files (x86)/atollic/truestudio for arm 8.0.0/armtools/bin/../lib/gcc/arm-atollic-eabi/6.3.1/../../../../arm-atollic-eabi/lib/armv7e-m/fpu\libnosys.a
END GROUP
LOAD c:/program files (x86)/atollic/truestudio for arm 8.0.0/armtools/bin/../lib/gcc/arm-atollic-eabi/6.3.1/armv7e-m/fpu/crtend.o
LOAD c:/program files (x86)/atollic/truestudio for arm 8.0.0/armtools/bin/../lib/gcc/arm-atollic-eabi/6.3.1/armv7e-m/fpu/crtn.o
                0x20018000                _estack = 0x20018000
                0x00000200                _Min_Heap_Size = 0x200
                0x00000400                _Min_Stack_Size = 0x400

.isr_vector     0x08000000      0x194
                0x08000000                . = ALIGN (0x4)
 *(.isr_vector)
 .isr_vector    0x08000000      0x194 startup\startup_stm32f401xe.o
                0x08000000                g_pfnVectors
                0x08000194                . = ALIGN (0x4)

.text           0x08000198    0x133a8
                0x08000198                . = ALIGN (0x4)
 *(.text)
 .text          0x08000198       0x40 c:/program files (x86)/atollic/truestudio for arm 8.0.0/armtools/bin/../lib/gcc/arm-atollic-eabi/6.3.1/armv7e-m/fpu/crtbegin.o
 .text          0x080001d8      0x350 Drivers\STM32F4xx_HAL_Driver\Src\stm32f4xx_hal.o
                0x080001d8                HAL_Init
                0x0800021c                HAL_DeInit
                0x08000282                HAL_MspDeInit
                0x08000290                HAL_InitTick
                0x080002c8                HAL_IncTick
                0x080002e4                HAL_GetTick
                0x080002fc                HAL_Delay
                0x08000336                HAL_SuspendTick
                0x08000354                HAL_ResumeTick
                0x08000374                HAL_GetHalVersion
                0x08000388                HAL_GetREVID
                0x080003a0                HAL_GetDEVID
                0x080003bc                HAL_DBGMCU_EnableDBGSleepMode
                0x080003dc                HAL_DBGMCU_DisableDBGSleepMode
                0x080003fc                HAL_DBGMCU_EnableDBGStopMode
                0x0800041c                HAL_DBGMCU_DisableDBGStopMode
                0x0800043c                HAL_DBGMCU_EnableDBGStandbyMode
                0x0800045c                HAL_DBGMCU_DisableDBGStandbyMode
                0x0800047c                HAL_EnableCompensationCell
                0x080004b4                HAL_DisableCompensationCell
                0x080004ec                HAL_GetUID
 .text          0x08000528     0x1198 Drivers\STM32F4xx_HAL_Driver\Src\stm32f4xx_hal_adc.o
                0x08000528                HAL_ADC_Init
                0x080005ae                HAL_ADC_DeInit
                0x0800063a                HAL_ADC_Start
                0x08000784                HAL_ADC_Stop
                0x080007ea                HAL_ADC_PollForConversion
                0x080008ee                HAL_ADC_PollForEvent
                0x08000996                HAL_ADC_Start_IT
                0x08000af4                HAL_ADC_Stop_IT
                0x08000b6e                HAL_ADC_IRQHandler
                0x08000df0                HAL_ADC_Start_DMA
                0x08000f94                HAL_ADC_Stop_DMA
                0x08001028                HAL_ADC_GetValue
                0x08001042                HAL_ADC_ConvCpltCallback
                0x08001056                HAL_ADC_ConvHalfCpltCallback
                0x0800106a                HAL_ADC_LevelOutOfWindowCallback
                0x0800107e                HAL_ADC_ErrorCallback
                0x08001092                HAL_ADC_ConfigChannel
                0x080012d8                HAL_ADC_AnalogWDGConfig
                0x08001396                HAL_ADC_GetState
                0x080013ae                HAL_ADC_GetError
 .text          0x080016c0      0xc80 Drivers\STM32F4xx_HAL_Driver\Src\stm32f4xx_hal_adc_ex.o
                0x080016c0                HAL_ADCEx_InjectedStart
                0x0800183c                HAL_ADCEx_InjectedStart_IT
                0x080019c8                HAL_ADCEx_InjectedStop
                0x08001a5e                HAL_ADCEx_InjectedPollForConversion
                0x08001b44                HAL_ADCEx_InjectedStop_IT
                0x08001bea                HAL_ADCEx_InjectedGetValue
                0x08001c58                HAL_ADCEx_MultiModeStart_DMA
                0x08001dd0                HAL_ADCEx_MultiModeStop_DMA
                0x08001e68                HAL_ADCEx_MultiModeGetValue
                0x08001e88                HAL_ADCEx_InjectedConvCpltCallback
                0x08001e9c                HAL_ADCEx_InjectedConfigChannel
                0x080021c4                HAL_ADCEx_MultiModeConfigChannel
 .text          0x08002340      0x620 Drivers\STM32F4xx_HAL_Driver\Src\stm32f4xx_hal_cortex.o
                0x080026c0                HAL_NVIC_SetPriorityGrouping
                0x080026d6                HAL_NVIC_SetPriority
                0x0800270e                HAL_NVIC_EnableIRQ
                0x0800272a                HAL_NVIC_DisableIRQ
                0x08002746                HAL_NVIC_SystemReset
                0x08002752                HAL_SYSTICK_Config
                0x0800276a                HAL_MPU_Disable
                0x08002798                HAL_MPU_Enable
                0x080027d4                HAL_MPU_ConfigRegion
                0x0800285c                HAL_NVIC_GetPriorityGrouping
                0x0800286a                HAL_NVIC_GetPriority
                0x08002896                HAL_NVIC_SetPendingIRQ
                0x080028b2                HAL_NVIC_GetPendingIRQ
                0x080028d0                HAL_NVIC_ClearPendingIRQ
                0x080028ec                HAL_NVIC_GetActive
                0x0800290a                HAL_SYSTICK_CLKSourceConfig
                0x08002944                HAL_SYSTICK_IRQHandler
                0x08002950                HAL_SYSTICK_Callback
 .text          0x08002960      0xc9c Drivers\STM32F4xx_HAL_Driver\Src\stm32f4xx_hal_dma.o
                0x08002960                HAL_DMA_Init
                0x08002abc                HAL_DMA_DeInit
                0x08002b54                HAL_DMA_Start
                0x08002bca                HAL_DMA_Start_IT
                0x08002c8a                HAL_DMA_Abort
                0x08002d6a                HAL_DMA_Abort_IT
                0x08002dae                HAL_DMA_PollForTransfer
                0x08002f74                HAL_DMA_IRQHandler
                0x08003292                HAL_DMA_RegisterCallback
                0x0800333a                HAL_DMA_UnRegisterCallback
                0x0800340c                HAL_DMA_GetState
                0x08003428                HAL_DMA_GetError
 .text          0x080035fc      0x5ec Drivers\STM32F4xx_HAL_Driver\Src\stm32f4xx_hal_gpio.o
                0x080035fc                HAL_GPIO_Init
                0x08003900                HAL_GPIO_DeInit
                0x08003ac8                HAL_GPIO_ReadPin
                0x08003af8                HAL_GPIO_WritePin
                0x08003b2a                HAL_GPIO_TogglePin
                0x08003b4e                HAL_GPIO_LockPin
                0x08003b9e                HAL_GPIO_EXTI_IRQHandler
                0x08003bd0                HAL_GPIO_EXTI_Callback
 .text          0x08003be8     0x4e38 Drivers\STM32F4xx_HAL_Driver\Src\stm32f4xx_hal_i2c.o
                0x08003be8                HAL_I2C_Init
                0x08003da8                HAL_I2C_DeInit
                0x08003e2e                HAL_I2C_Master_Transmit
                0x08004048                HAL_I2C_Master_Receive
                0x080044ac                HAL_I2C_Slave_Transmit
                0x080046e0                HAL_I2C_Slave_Receive
                0x08004904                HAL_I2C_Master_Transmit_IT
                0x08004a38                HAL_I2C_Master_Receive_IT
                0x08004b7c                HAL_I2C_Master_Sequential_Transmit_IT
                0x08004cec                HAL_I2C_Master_Sequential_Receive_IT
                0x08004e88                HAL_I2C_Slave_Transmit_IT
                0x08004fc0                HAL_I2C_Slave_Receive_IT
                0x080050f4                HAL_I2C_Slave_Sequential_Transmit_IT
                0x080051d6                HAL_I2C_Slave_Sequential_Receive_IT
                0x080052b8                HAL_I2C_EnableListen_IT
                0x08005324                HAL_I2C_DisableListen_IT
                0x0800539a                HAL_I2C_Master_Transmit_DMA
                0x08005580                HAL_I2C_Master_Receive_DMA
                0x08005764                HAL_I2C_Master_Abort_IT
                0x080057f2                HAL_I2C_Slave_Transmit_DMA
                0x08005988                HAL_I2C_Slave_Receive_DMA
                0x08005b20                HAL_I2C_Mem_Write
                0x08005d34                HAL_I2C_Mem_Read
                0x08006198                HAL_I2C_Mem_Write_IT
                0x080062e0                HAL_I2C_Mem_Read_IT
                0x08006440                HAL_I2C_Mem_Write_DMA
                0x08006624                HAL_I2C_Mem_Read_DMA
                0x080068a8                HAL_I2C_IsDeviceReady
                0x08006b08                HAL_I2C_EV_IRQHandler
                0x08006d10                HAL_I2C_ER_IRQHandler
                0x08006e64                HAL_I2C_MasterTxCpltCallback
                0x08006e78                HAL_I2C_MasterRxCpltCallback
                0x08006e8c                HAL_I2C_SlaveTxCpltCallback
                0x08006ea0                HAL_I2C_SlaveRxCpltCallback
                0x08006eb4                HAL_I2C_AddrCallback
                0x08006ed0                HAL_I2C_ListenCpltCallback
                0x08006ee4                HAL_I2C_MemTxCpltCallback
                0x08006ef8                HAL_I2C_MemRxCpltCallback
                0x08006f0c                HAL_I2C_ErrorCallback
                0x08006f20                HAL_I2C_AbortCpltCallback
                0x08006f34                HAL_I2C_GetState
                0x08006f50                HAL_I2C_GetMode
                0x08006f6c                HAL_I2C_GetError
 .text          0x08008a20      0xb9c Drivers\STM32F4xx_HAL_Driver\Src\stm32f4xx_hal_rcc.o
                0x08008a2e                HAL_RCC_OscConfig
                0x08008ee4                HAL_RCC_ClockConfig
                0x08009108                HAL_RCC_MCOConfig
                0x080091d8                HAL_RCC_EnableCSS
                0x080091f0                HAL_RCC_DisableCSS
                0x08009208                HAL_RCC_GetSysClockFreq
                0x08009304                HAL_RCC_GetHCLKFreq
                0x0800931c                HAL_RCC_GetPCLK1Freq
                0x08009360                HAL_RCC_GetPCLK2Freq
                0x080093a4                HAL_RCC_GetOscConfig
                0x08009520                HAL_RCC_GetClockConfig
                0x08009584                HAL_RCC_NMI_IRQHandler
                0x080095ac                HAL_RCC_CSSCallback
 .text          0x080095bc     0x3c44 Drivers\STM32F4xx_HAL_Driver\Src\stm32f4xx_hal_tim.o
                0x080095bc                HAL_TIM_Base_Init
                0x08009612                HAL_TIM_Base_DeInit
                0x0800969a                HAL_TIM_Base_Start
                0x080096d0                HAL_TIM_Base_Stop
                0x08009726                HAL_TIM_Base_Start_IT
                0x0800975c                HAL_TIM_Base_Stop_IT
                0x080097b2                HAL_TIM_Base_Start_DMA
                0x0800984c                HAL_TIM_Base_Stop_DMA
                0x080098aa                HAL_TIM_OC_Init
                0x08009900                HAL_TIM_OC_DeInit
                0x08009960                HAL_TIM_OC_MspInit
                0x08009974                HAL_TIM_OC_MspDeInit
                0x08009988                HAL_TIM_OC_Start
                0x080099d8                HAL_TIM_OC_Stop
                0x08009a68                HAL_TIM_OC_Start_IT
                0x08009b44                HAL_TIM_OC_Stop_IT
                0x08009c60                HAL_TIM_OC_Start_DMA
                0x08009e0c                HAL_TIM_OC_Stop_DMA
                0x08009f30                HAL_TIM_PWM_Init
                0x08009f86                HAL_TIM_PWM_DeInit
                0x08009fe6                HAL_TIM_PWM_MspInit
                0x08009ffa                HAL_TIM_PWM_MspDeInit
                0x0800a00e                HAL_TIM_PWM_Start
                0x0800a060                HAL_TIM_PWM_Stop
                0x0800a0f8                HAL_TIM_PWM_Start_IT
                0x0800a1d4                HAL_TIM_PWM_Stop_IT
                0x0800a2f0                HAL_TIM_PWM_Start_DMA
                0x0800a49c                HAL_TIM_PWM_Stop_DMA
                0x0800a5c0                HAL_TIM_IC_Init
                0x0800a616                HAL_TIM_IC_DeInit
                0x0800a676                HAL_TIM_IC_MspInit
                0x0800a68a                HAL_TIM_IC_MspDeInit
                0x0800a69e                HAL_TIM_IC_Start
                0x0800a6d0                HAL_TIM_IC_Stop
                0x0800a722                HAL_TIM_IC_Start_IT
                0x0800a7de                HAL_TIM_IC_Stop_IT
                0x0800a8ba                HAL_TIM_IC_Start_DMA
                0x0800aa4c                HAL_TIM_IC_Stop_DMA
                0x0800ab32                HAL_TIM_OnePulse_Init
                0x0800abaa                HAL_TIM_OnePulse_DeInit
                0x0800ac0a                HAL_TIM_OnePulse_MspInit
                0x0800ac1e                HAL_TIM_OnePulse_MspDeInit
                0x0800ac32                HAL_TIM_OnePulse_Start
                0x0800ac80                HAL_TIM_OnePulse_Stop
                0x0800ad20                HAL_TIM_OnePulse_Start_IT
                0x0800ad90                HAL_TIM_OnePulse_Stop_IT
                0x0800ae50                HAL_TIM_Encoder_Init
                0x0800af7c                HAL_TIM_Encoder_DeInit
                0x0800afdc                HAL_TIM_Encoder_MspInit
                0x0800aff0                HAL_TIM_Encoder_MspDeInit
                0x0800b004                HAL_TIM_Encoder_Start
                0x0800b072                HAL_TIM_Encoder_Stop
                0x0800b100                HAL_TIM_Encoder_Start_IT
                0x0800b1ae                HAL_TIM_Encoder_Stop_IT
                0x0800b282                HAL_TIM_Encoder_Start_DMA
                0x0800b42c                HAL_TIM_Encoder_Stop_DMA
                0x0800b500                HAL_TIM_IRQHandler
                0x0800b710                HAL_TIM_OC_ConfigChannel
                0x0800b7d0                HAL_TIM_IC_ConfigChannel
                0x0800b908                HAL_TIM_PWM_ConfigChannel
                0x0800ba94                HAL_TIM_OnePulse_ConfigChannel
                0x0800bc14                HAL_TIM_DMABurst_WriteStart
                0x0800bdf8                HAL_TIM_DMABurst_WriteStop
                0x0800bea8                HAL_TIM_DMABurst_ReadStart
                0x0800c08c                HAL_TIM_DMABurst_ReadStop
                0x0800c13c                HAL_TIM_GenerateEvent
                0x0800c18a                HAL_TIM_ConfigOCrefClear
                0x0800c2dc                HAL_TIM_ConfigClockSource
                0x0800c492                HAL_TIM_ConfigTI1Input
                0x0800c4ce                HAL_TIM_SlaveConfigSynchronization
                0x0800c538                HAL_TIM_SlaveConfigSynchronization_IT
                0x0800c5a2                HAL_TIM_ReadCapturedValue
                0x0800c65c                HAL_TIM_OC_DelayElapsedCallback
                0x0800c670                HAL_TIM_IC_CaptureCallback
                0x0800c684                HAL_TIM_PWM_PulseFinishedCallback
                0x0800c698                HAL_TIM_TriggerCallback
                0x0800c6ac                HAL_TIM_ErrorCallback
                0x0800c6c0                HAL_TIM_Base_GetState
                0x0800c6dc                HAL_TIM_OC_GetState
                0x0800c6f8                HAL_TIM_PWM_GetState
                0x0800c714                HAL_TIM_IC_GetState
                0x0800c730                HAL_TIM_OnePulse_GetState
                0x0800c74c                HAL_TIM_Encoder_GetState
                0x0800c768                TIM_Base_SetConfig
                0x0800c870                TIM_TI1_SetConfig
                0x0800c950                TIM_OC2_SetConfig
                0x0800ca2c                TIM_DMADelayPulseCplt
                0x0800ca9c                TIM_DMAError
                0x0800cac0                TIM_DMACaptureCplt
                0x0800cb30                TIM_CCxChannelCmd
 .text          0x0800d200     0x14c0 Drivers\STM32F4xx_HAL_Driver\Src\stm32f4xx_hal_tim_ex.o
                0x0800d200                HAL_TIMEx_HallSensor_Init
                0x0800d316                HAL_TIMEx_HallSensor_DeInit
                0x0800d376                HAL_TIMEx_HallSensor_MspInit
                0x0800d38a                HAL_TIMEx_HallSensor_MspDeInit
                0x0800d39e                HAL_TIMEx_HallSensor_Start
                0x0800d3ce                HAL_TIMEx_HallSensor_Stop
                0x0800d41e                HAL_TIMEx_HallSensor_Start_IT
                0x0800d45e                HAL_TIMEx_HallSensor_Stop_IT
                0x0800d4be                HAL_TIMEx_HallSensor_Start_DMA
                0x0800d564                HAL_TIMEx_HallSensor_Stop_DMA
                0x0800d5c4                HAL_TIMEx_OCN_Start
                0x0800d606                HAL_TIMEx_OCN_Stop
                0x0800d688                HAL_TIMEx_OCN_Start_IT
                0x0800d766                HAL_TIMEx_OCN_Stop_IT
                0x0800d892                HAL_TIMEx_OCN_Start_DMA
                0x0800da34                HAL_TIMEx_OCN_Stop_DMA
                0x0800db4a                HAL_TIMEx_PWMN_Start
                0x0800db8c                HAL_TIMEx_PWMN_Stop
                0x0800dc0e                HAL_TIMEx_PWMN_Start_IT
                0x0800dcea                HAL_TIMEx_PWMN_Stop_IT
                0x0800de16                HAL_TIMEx_PWMN_Start_DMA
                0x0800dfb8                HAL_TIMEx_PWMN_Stop_DMA
                0x0800e0ce                HAL_TIMEx_OnePulseN_Start
                0x0800e100                HAL_TIMEx_OnePulseN_Stop
                0x0800e182                HAL_TIMEx_OnePulseN_Start_IT
                0x0800e1d4                HAL_TIMEx_OnePulseN_Stop_IT
                0x0800e276                HAL_TIMEx_ConfigCommutationEvent
                0x0800e316                HAL_TIMEx_ConfigCommutationEvent_IT
                0x0800e3c6                HAL_TIMEx_ConfigCommutationEvent_DMA
                0x0800e490                HAL_TIMEx_MasterConfigSynchronization
                0x0800e51a                HAL_TIMEx_ConfigBreakDeadTime
                0x0800e5cc                HAL_TIMEx_RemapConfig
                0x0800e612                HAL_TIMEx_CommutationCallback
                0x0800e626                HAL_TIMEx_BreakCallback
                0x0800e63a                HAL_TIMEx_HallSensor_GetState
                0x0800e656                TIMEx_DMACommutationCplt
 .text          0x0800e6c0     0x1da4 Drivers\STM32F4xx_HAL_Driver\Src\stm32f4xx_hal_uart.o
                0x0800e6c0                HAL_UART_Init
                0x0800e75a                HAL_HalfDuplex_Init
                0x0800e804                HAL_LIN_Init
                0x0800e8d0                HAL_MultiProcessor_Init
                0x0800e9b0                HAL_UART_DeInit
                0x0800ea20                HAL_UART_Transmit
                0x0800eb50                HAL_UART_Receive
                0x0800ec9c                HAL_UART_Transmit_IT
                0x0800ed26                HAL_UART_Receive_IT
                0x0800edc0                HAL_UART_Transmit_DMA
                0x0800ee98                HAL_UART_Receive_DMA
                0x0800ef98                HAL_UART_DMAPause
                0x0800f060                HAL_UART_DMAResume
                0x0800f102                HAL_UART_DMAStop
                0x0800f1b8                HAL_UART_Abort
                0x0800f27c                HAL_UART_AbortTransmit
                0x0800f2e4                HAL_UART_AbortReceive
                0x0800f35c                HAL_UART_Abort_IT
                0x0800f4a4                HAL_UART_AbortTransmit_IT
                0x0800f544                HAL_UART_AbortReceive_IT
                0x0800f5f4                HAL_UART_IRQHandler
                0x0800f7ec                HAL_UART_TxCpltCallback
                0x0800f800                HAL_UART_TxHalfCpltCallback
                0x0800f814                HAL_UART_RxCpltCallback
                0x0800f828                HAL_UART_RxHalfCpltCallback
                0x0800f83c                HAL_UART_ErrorCallback
                0x0800f850                HAL_UART_AbortCpltCallback
                0x0800f864                HAL_UART_AbortTransmitCpltCallback
                0x0800f878                HAL_UART_AbortReceiveCpltCallback
                0x0800f88c                HAL_LIN_SendBreak
                0x0800f8e0                HAL_MultiProcessor_EnterMuteMode
                0x0800f934                HAL_MultiProcessor_ExitMuteMode
                0x0800f988                HAL_HalfDuplex_EnableTransmitter
                0x0800f9f0                HAL_HalfDuplex_EnableReceiver
                0x0800fa58                HAL_UART_GetState
                0x0800fa94                HAL_UART_GetError
 .text          0x08010464      0x6f0 Src\HW_Init.o
                0x08010464                hw_init
                0x0801056c                SystemClock_Config
                0x0801065c                MX_ADC1_Init
                0x08010704                MX_I2C1_Init
                0x08010770                MX_TIM1_Init
                0x080108e4                MX_TIM3_Init
                0x08010978                MX_USART2_UART_Init
                0x080109d4                MX_GPIO_Init
                0x08010b48                _Error_Handler
 .text          0x08010b54      0x34c Src\Kalman.o
                0x08010b54                initKalman
                0x08010bb8                getAngle
                0x08010db0                setAngle
                0x08010dce                getRate
                0x08010dec                setQangle
                0x08010e0a                setQbias
                0x08010e28                setRmeasure
                0x08010e46                getQangle
                0x08010e64                getQbias
                0x08010e82                getRmeasure
 .text          0x08010ea0       0x74 Src\main.o
                0x08010ed4                main
                0x08010eee                HardFault_Handler
 *fill*         0x08010f14        0x4 
 .text          0x08010f18       0xf8 Src\motor_control.o
                0x08010f18                motor_output
 .text          0x08011010      0x6f0 Src\mpu6050.o
                0x08011010                SD_MPU6050_Init
                0x080110fa                SD_MPU6050_SetDataRate
                0x08011142                SD_MPU6050_SetAccelerometer
                0x08011220                SD_MPU6050_SetGyroscope
                0x08011308                SD_MPU6050_ReadAccelerometer
                0x0801139c                SD_MPU6050_ReadGyroscope
                0x0801142c                SD_MPU6050_ReadTemperature
                0x080114c0                SD_MPU6050_ReadAll
                0x080115e0                SD_MPU6050_EnableInterrupts
                0x08011650                SD_MPU6050_DisableInterrupts
                0x08011694                SD_MPU6050_ReadInterrupts
 .text          0x08011700      0x430 Src\sensors.o
                0x08011700                initState
                0x0801174c                updateState
                0x080118e0                MPU6050_getData
 .text          0x08011b30      0x2d8 Src\serial.o
                0x08011b64                ReceiveIT
                0x08011b82                CheckReceive
                0x08011ba4                Transmit
                0x08011bc4                listen
                0x08011d20                message_handler
                0x08011d54                readResponse
                0x08011dc4                writeResponse
 .text          0x08011e08      0x370 Src\stm32f4xx_hal_msp.o
                0x08011e08                HAL_MspInit
                0x08011e6a                HAL_ADC_MspInit
                0x08011ed8                HAL_ADC_MspDeInit
                0x08011f14                HAL_I2C_MspInit
                0x08011f78                HAL_I2C_MspDeInit
                0x08011fb4                HAL_TIM_Base_MspInit
                0x08012030                HAL_TIM_MspPostInit
                0x08012074                HAL_TIM_Base_MspDeInit
                0x080120c4                HAL_UART_MspInit
                0x08012138                HAL_UART_MspDeInit
 .text          0x08012178      0x288 Src\stm32f4xx_it.o
                0x08012178                SysTick_Handler
                0x08012188                TIM3_IRQHandler
                0x0801219c                HAL_TIM_PeriodElapsedCallback
                0x080123ec                USART2_IRQHandler
 .text          0x08012400      0x160 Src\system_stm32f4xx.o
                0x08012400                SystemInit
                0x0801246c                SystemCoreClockUpdate
 .text          0x08012560      0x370 c:/program files (x86)/atollic/truestudio for arm 8.0.0/armtools/bin/../lib/gcc/arm-atollic-eabi/6.3.1/armv7e-m/fpu\libgcc.a(_arm_addsubdf3.o)
                0x08012560                __aeabi_drsub
                0x08012568                __aeabi_dsub
                0x08012568                __subdf3
                0x0801256c                __aeabi_dadd
                0x0801256c                __adddf3
                0x080127e4                __floatunsidf
                0x080127e4                __aeabi_ui2d
                0x08012804                __floatsidf
                0x08012804                __aeabi_i2d
                0x08012828                __aeabi_f2d
                0x08012828                __extendsfdf2
                0x08012864                __floatundidf
                0x08012864                __aeabi_ul2d
                0x08012874                __floatdidf
                0x08012874                __aeabi_l2d
 .text          0x080128d0      0x424 c:/program files (x86)/atollic/truestudio for arm 8.0.0/armtools/bin/../lib/gcc/arm-atollic-eabi/6.3.1/armv7e-m/fpu\libgcc.a(_arm_muldivdf3.o)
                0x080128d0                __aeabi_dmul
                0x080128d0                __muldf3
                0x08012b24                __divdf3
                0x08012b24                __aeabi_ddiv
 .text          0x08012cf4      0x110 c:/program files (x86)/atollic/truestudio for arm 8.0.0/armtools/bin/../lib/gcc/arm-atollic-eabi/6.3.1/armv7e-m/fpu\libgcc.a(_arm_cmpdf2.o)
                0x08012cf4                __gtdf2
                0x08012cf4                __gedf2
                0x08012cfc                __ltdf2
                0x08012cfc                __ledf2
                0x08012d04                __nedf2
                0x08012d04                __eqdf2
                0x08012d04                __cmpdf2
                0x08012d80                __aeabi_cdrcmple
                0x08012d90                __aeabi_cdcmpeq
                0x08012d90                __aeabi_cdcmple
                0x08012da0                __aeabi_dcmpeq
                0x08012db4                __aeabi_dcmplt
                0x08012dc8                __aeabi_dcmple
                0x08012ddc                __aeabi_dcmpge
                0x08012df0                __aeabi_dcmpgt
 .text          0x08012e04       0x40 c:/program files (x86)/atollic/truestudio for arm 8.0.0/armtools/bin/../lib/gcc/arm-atollic-eabi/6.3.1/armv7e-m/fpu\libgcc.a(_arm_fixunsdfsi.o)
                0x08012e04                __aeabi_d2uiz
                0x08012e04                __fixunsdfsi
 .text          0x08012e44       0xa0 c:/program files (x86)/atollic/truestudio for arm 8.0.0/armtools/bin/../lib/gcc/arm-atollic-eabi/6.3.1/armv7e-m/fpu\libgcc.a(_arm_truncdfsf2.o)
                0x08012e44                __truncdfsf2
                0x08012e44                __aeabi_d2f
 *(.text*)
 .text.Reset_Handler
                0x08012ee4       0x50 startup\startup_stm32f401xe.o
                0x08012ee4                Reset_Handler
 .text.Default_Handler
                0x08012f34        0x2 startup\startup_stm32f401xe.o
                0x08012f34                RTC_Alarm_IRQHandler
                0x08012f34                EXTI2_IRQHandler
                0x08012f34                DebugMon_Handler
                0x08012f34                SPI4_IRQHandler
                0x08012f34                TIM1_CC_IRQHandler
                0x08012f34                DMA2_Stream5_IRQHandler
                0x08012f34                DMA1_Stream5_IRQHandler
                0x08012f34                PVD_IRQHandler
                0x08012f34                SDIO_IRQHandler
                0x08012f34                TAMP_STAMP_IRQHandler
                0x08012f34                PendSV_Handler
                0x08012f34                NMI_Handler
                0x08012f34                EXTI3_IRQHandler
                0x08012f34                TIM1_UP_TIM10_IRQHandler
                0x08012f34                I2C3_ER_IRQHandler
                0x08012f34                EXTI0_IRQHandler
                0x08012f34                I2C2_EV_IRQHandler
                0x08012f34                DMA1_Stream2_IRQHandler
                0x08012f34                FPU_IRQHandler
                0x08012f34                UsageFault_Handler
                0x08012f34                DMA2_Stream2_IRQHandler
                0x08012f34                SPI1_IRQHandler
                0x08012f34                TIM1_BRK_TIM9_IRQHandler
                0x08012f34                DMA2_Stream3_IRQHandler
                0x08012f34                USART6_IRQHandler
                0x08012f34                DMA2_Stream0_IRQHandler
                0x08012f34                TIM4_IRQHandler
                0x08012f34                I2C1_EV_IRQHandler
                0x08012f34                DMA1_Stream6_IRQHandler
                0x08012f34                DMA1_Stream1_IRQHandler
                0x08012f34                RCC_IRQHandler
                0x08012f34                Default_Handler
                0x08012f34                EXTI15_10_IRQHandler
                0x08012f34                ADC_IRQHandler
                0x08012f34                DMA1_Stream7_IRQHandler
                0x08012f34                TIM5_IRQHandler
                0x08012f34                DMA2_Stream7_IRQHandler
                0x08012f34                I2C3_EV_IRQHandler
                0x08012f34                EXTI9_5_IRQHandler
                0x08012f34                RTC_WKUP_IRQHandler
                0x08012f34                SPI2_IRQHandler
                0x08012f34                MemManage_Handler
                0x08012f34                DMA1_Stream0_IRQHandler
                0x08012f34                SVC_Handler
                0x08012f34                EXTI4_IRQHandler
                0x08012f34                WWDG_IRQHandler
                0x08012f34                TIM2_IRQHandler
                0x08012f34                OTG_FS_WKUP_IRQHandler
                0x08012f34                TIM1_TRG_COM_TIM11_IRQHandler
                0x08012f34                EXTI1_IRQHandler
                0x08012f34                I2C2_ER_IRQHandler
                0x08012f34                DMA2_Stream1_IRQHandler
                0x08012f34                FLASH_IRQHandler
                0x08012f34                DMA2_Stream4_IRQHandler
                0x08012f34                BusFault_Handler
                0x08012f34                USART1_IRQHandler
                0x08012f34                OTG_FS_IRQHandler
                0x08012f34                SPI3_IRQHandler
                0x08012f34                DMA1_Stream4_IRQHandler
                0x08012f34                I2C1_ER_IRQHandler
                0x08012f34                DMA2_Stream6_IRQHandler
                0x08012f34                DMA1_Stream3_IRQHandler
 *fill*         0x08012f36        0x2 
 .text.__libc_init_array
                0x08012f38       0x48 c:/program files (x86)/atollic/truestudio for arm 8.0.0/armtools/bin/../lib/gcc/arm-atollic-eabi/6.3.1/../../../../arm-atollic-eabi/lib/armv7e-m/fpu\libc_nano.a(lib_a-init.o)
                0x08012f38                __libc_init_array
 .text.round    0x08012f80       0x8c c:/program files (x86)/atollic/truestudio for arm 8.0.0/armtools/bin/../lib/gcc/arm-atollic-eabi/6.3.1/../../../../arm-atollic-eabi/lib/armv7e-m/fpu\libm.a(lib_a-s_round.o)
                0x08012f80                round
 .text.atan2    0x0801300c        0x4 c:/program files (x86)/atollic/truestudio for arm 8.0.0/armtools/bin/../lib/gcc/arm-atollic-eabi/6.3.1/../../../../arm-atollic-eabi/lib/armv7e-m/fpu\libm.a(lib_a-w_atan2.o)
                0x0801300c                atan2
 .text.__ieee754_atan2
                0x08013010      0x1b4 c:/program files (x86)/atollic/truestudio for arm 8.0.0/armtools/bin/../lib/gcc/arm-atollic-eabi/6.3.1/../../../../arm-atollic-eabi/lib/armv7e-m/fpu\libm.a(lib_a-e_atan2.o)
                0x08013010                __ieee754_atan2
 *fill*         0x080131c4        0x4 
 .text.atan     0x080131c8      0x350 c:/program files (x86)/atollic/truestudio for arm 8.0.0/armtools/bin/../lib/gcc/arm-atollic-eabi/6.3.1/../../../../arm-atollic-eabi/lib/armv7e-m/fpu\libm.a(lib_a-s_atan.o)
                0x080131c8                atan
 .text.fabs     0x08013518        0xe c:/program files (x86)/atollic/truestudio for arm 8.0.0/armtools/bin/../lib/gcc/arm-atollic-eabi/6.3.1/../../../../arm-atollic-eabi/lib/armv7e-m/fpu\libm.a(lib_a-s_fabs.o)
                0x08013518                fabs
 *(.glue_7)
 .glue_7        0x08013526        0x0 linker stubs
 *(.glue_7t)
 .glue_7t       0x08013526        0x0 linker stubs
 *(.eh_frame)
 *fill*         0x08013526        0x2 
 .eh_frame      0x08013528        0x0 c:/program files (x86)/atollic/truestudio for arm 8.0.0/armtools/bin/../lib/gcc/arm-atollic-eabi/6.3.1/armv7e-m/fpu/crtbegin.o
 *(.init)
 .init          0x08013528        0x4 c:/program files (x86)/atollic/truestudio for arm 8.0.0/armtools/bin/../lib/gcc/arm-atollic-eabi/6.3.1/armv7e-m/fpu/crti.o
                0x08013528                _init
 .init          0x0801352c        0x8 c:/program files (x86)/atollic/truestudio for arm 8.0.0/armtools/bin/../lib/gcc/arm-atollic-eabi/6.3.1/armv7e-m/fpu/crtn.o
 *(.fini)
 .fini          0x08013534        0x4 c:/program files (x86)/atollic/truestudio for arm 8.0.0/armtools/bin/../lib/gcc/arm-atollic-eabi/6.3.1/armv7e-m/fpu/crti.o
                0x08013534                _fini
 .fini          0x08013538        0x8 c:/program files (x86)/atollic/truestudio for arm 8.0.0/armtools/bin/../lib/gcc/arm-atollic-eabi/6.3.1/armv7e-m/fpu/crtn.o
                0x08013540                . = ALIGN (0x4)
                0x08013540                _etext = .

.vfp11_veneer   0x08013540        0x0
 .vfp11_veneer  0x08013540        0x0 linker stubs

.v4_bx          0x08013540        0x0
 .v4_bx         0x08013540        0x0 linker stubs

.iplt           0x08013540        0x0
 .iplt          0x08013540        0x0 c:/program files (x86)/atollic/truestudio for arm 8.0.0/armtools/bin/../lib/gcc/arm-atollic-eabi/6.3.1/armv7e-m/fpu/crtbegin.o

.rodata         0x08013540       0x80
                0x08013540                . = ALIGN (0x4)
 *(.rodata)
 .rodata        0x08013540        0x8 Drivers\STM32F4xx_HAL_Driver\Src\stm32f4xx_hal_dma.o
 .rodata        0x08013548       0x11 Src\HW_Init.o
 *fill*         0x08013559        0x3 
 .rodata        0x0801355c        0x6 Src\mpu6050.o
 *fill*         0x08013562        0x2 
 .rodata        0x08013564       0x18 Src\system_stm32f4xx.o
                0x08013564                AHBPrescTable
                0x08013574                APBPrescTable
 *(.rodata*)
 *fill*         0x0801357c        0x4 
 .rodata.atanhi
                0x08013580       0x20 c:/program files (x86)/atollic/truestudio for arm 8.0.0/armtools/bin/../lib/gcc/arm-atollic-eabi/6.3.1/../../../../arm-atollic-eabi/lib/armv7e-m/fpu\libm.a(lib_a-s_atan.o)
 .rodata.atanlo
                0x080135a0       0x20 c:/program files (x86)/atollic/truestudio for arm 8.0.0/armtools/bin/../lib/gcc/arm-atollic-eabi/6.3.1/../../../../arm-atollic-eabi/lib/armv7e-m/fpu\libm.a(lib_a-s_atan.o)
                0x080135c0                . = ALIGN (0x4)

.rel.dyn        0x080135c0        0x0
 .rel.iplt      0x080135c0        0x0 c:/program files (x86)/atollic/truestudio for arm 8.0.0/armtools/bin/../lib/gcc/arm-atollic-eabi/6.3.1/armv7e-m/fpu/crtbegin.o

.ARM.extab
 *(.ARM.extab* .gnu.linkonce.armextab.*)

.ARM            0x080135c0        0x0
                0x080135c0                __exidx_start = .
 *(.ARM.exidx*)
                0x080135c0                __exidx_end = .

.preinit_array  0x080135c0        0x0
                0x080135c0                PROVIDE (__preinit_array_start, .)
 *(.preinit_array*)
                0x080135c0                PROVIDE (__preinit_array_end, .)

.init_array     0x080135c0        0x4
                0x080135c0                PROVIDE (__init_array_start, .)
 *(SORT(.init_array.*))
 *(.init_array*)
 .init_array    0x080135c0        0x4 c:/program files (x86)/atollic/truestudio for arm 8.0.0/armtools/bin/../lib/gcc/arm-atollic-eabi/6.3.1/armv7e-m/fpu/crtbegin.o
                0x080135c4                PROVIDE (__init_array_end, .)

.fini_array     0x080135c4        0x4
                [!provide]                PROVIDE (__fini_array_start, .)
 *(SORT(.fini_array.*))
 *(.fini_array*)
 .fini_array    0x080135c4        0x4 c:/program files (x86)/atollic/truestudio for arm 8.0.0/armtools/bin/../lib/gcc/arm-atollic-eabi/6.3.1/armv7e-m/fpu/crtbegin.o
                [!provide]                PROVIDE (__fini_array_end, .)
                0x080135c8                _sidata = LOADADDR (.data)

.data           0x20000000        0x4 load address 0x080135c8
                0x20000000                . = ALIGN (0x4)
                0x20000000                _sdata = .
 *(.data)
 .data          0x20000000        0x4 Src\system_stm32f4xx.o
                0x20000000                SystemCoreClock
 *(.data*)
                0x20000004                . = ALIGN (0x4)
                0x20000004                _edata = .

.igot.plt       0x20000004        0x0 load address 0x080135cc
 .igot.plt      0x20000004        0x0 c:/program files (x86)/atollic/truestudio for arm 8.0.0/armtools/bin/../lib/gcc/arm-atollic-eabi/6.3.1/armv7e-m/fpu/crtbegin.o
                0x20000004                . = ALIGN (0x4)

.bss            0x20000004      0x248 load address 0x080135cc
                0x20000004                _sbss = .
                0x20000004                __bss_start__ = _sbss
 *(.bss)
 .bss           0x20000004       0x1c c:/program files (x86)/atollic/truestudio for arm 8.0.0/armtools/bin/../lib/gcc/arm-atollic-eabi/6.3.1/armv7e-m/fpu/crtbegin.o
 *(.bss*)
 *(COMMON)
 COMMON         0x20000020        0x4 Drivers\STM32F4xx_HAL_Driver\Src\stm32f4xx_hal.o
                0x20000020                uwTick
 COMMON         0x20000024      0x154 Src\HW_Init.o
                0x20000024                hi2c1
                0x20000078                htim3
                0x200000b4                hadc1
                0x200000fc                htim1
                0x20000138                huart2
 COMMON         0x20000178        0x4 Src\diagnostics.o
                0x20000178                diagnostics_timer
 COMMON         0x2000017c       0x64 Src\main.o
                0x2000017c                motor_2_power
                0x2000017e                motor_3_power
                0x20000180                input_4
                0x20000184                input_2
                0x20000188                motor_1_power
                0x2000018a                motor_4_power
                0x2000018c                input_3
                0x20000190                input_1
                0x20000194                mpu1
 COMMON         0x200001e0       0x68 Src\sensors.o
                0x200001e0                quad_state
 COMMON         0x20000248        0x4 Src\serial.o
                0x20000248                tick
                0x2000024c                . = ALIGN (0x4)
                0x2000024c                _ebss = .
                0x2000024c                __bss_end__ = _ebss

._user_heap_stack
                0x2000024c      0x600 load address 0x080135cc
                0x2000024c                . = ALIGN (0x4)
                [!provide]                PROVIDE (end, .)
                [!provide]                PROVIDE (_end, .)
                0x2000044c                . = (. + _Min_Heap_Size)
 *fill*         0x2000024c      0x200 
                0x2000084c                . = (. + _Min_Stack_Size)
 *fill*         0x2000044c      0x400 
                0x2000084c                . = ALIGN (0x4)

/DISCARD/
 libc.a(*)
 libm.a(*)
 libgcc.a(*)

.ARM.attributes
                0x00000000       0x30
 *(.ARM.attributes)
 .ARM.attributes
                0x00000000       0x22 c:/program files (x86)/atollic/truestudio for arm 8.0.0/armtools/bin/../lib/gcc/arm-atollic-eabi/6.3.1/armv7e-m/fpu/crti.o
 .ARM.attributes
                0x00000022       0x34 c:/program files (x86)/atollic/truestudio for arm 8.0.0/armtools/bin/../lib/gcc/arm-atollic-eabi/6.3.1/armv7e-m/fpu/crtbegin.o
 .ARM.attributes
                0x00000056       0x39 Drivers\STM32F4xx_HAL_Driver\Src\stm32f4xx_hal.o
 .ARM.attributes
                0x0000008f       0x39 Drivers\STM32F4xx_HAL_Driver\Src\stm32f4xx_hal_adc.o
 .ARM.attributes
                0x000000c8       0x39 Drivers\STM32F4xx_HAL_Driver\Src\stm32f4xx_hal_adc_ex.o
 .ARM.attributes
                0x00000101       0x39 Drivers\STM32F4xx_HAL_Driver\Src\stm32f4xx_hal_cortex.o
 .ARM.attributes
                0x0000013a       0x39 Drivers\STM32F4xx_HAL_Driver\Src\stm32f4xx_hal_dma.o
 .ARM.attributes
                0x00000173       0x39 Drivers\STM32F4xx_HAL_Driver\Src\stm32f4xx_hal_gpio.o
 .ARM.attributes
                0x000001ac       0x39 Drivers\STM32F4xx_HAL_Driver\Src\stm32f4xx_hal_i2c.o
 .ARM.attributes
                0x000001e5       0x39 Drivers\STM32F4xx_HAL_Driver\Src\stm32f4xx_hal_rcc.o
 .ARM.attributes
                0x0000021e       0x39 Drivers\STM32F4xx_HAL_Driver\Src\stm32f4xx_hal_tim.o
 .ARM.attributes
                0x00000257       0x39 Drivers\STM32F4xx_HAL_Driver\Src\stm32f4xx_hal_tim_ex.o
 .ARM.attributes
                0x00000290       0x39 Drivers\STM32F4xx_HAL_Driver\Src\stm32f4xx_hal_uart.o
 .ARM.attributes
                0x000002c9       0x39 Src\HW_Init.o
 .ARM.attributes
                0x00000302       0x39 Src\Kalman.o
 .ARM.attributes
                0x0000033b       0x39 Src\diagnostics.o
 .ARM.attributes
                0x00000374       0x39 Src\main.o
 .ARM.attributes
                0x000003ad       0x39 Src\motor_control.o
 .ARM.attributes
                0x000003e6       0x39 Src\mpu6050.o
 .ARM.attributes
                0x0000041f       0x39 Src\sensors.o
 .ARM.attributes
                0x00000458       0x39 Src\serial.o
 .ARM.attributes
                0x00000491       0x39 Src\stm32f4xx_hal_msp.o
 .ARM.attributes
                0x000004ca       0x39 Src\stm32f4xx_it.o
 .ARM.attributes
                0x00000503       0x39 Src\system_stm32f4xx.o
 .ARM.attributes
                0x0000053c       0x21 startup\startup_stm32f401xe.o
 .ARM.attributes
                0x0000055d       0x34 c:/program files (x86)/atollic/truestudio for arm 8.0.0/armtools/bin/../lib/gcc/arm-atollic-eabi/6.3.1/../../../../arm-atollic-eabi/lib/armv7e-m/fpu\libc_nano.a(lib_a-init.o)
 .ARM.attributes
                0x00000591       0x34 c:/program files (x86)/atollic/truestudio for arm 8.0.0/armtools/bin/../lib/gcc/arm-atollic-eabi/6.3.1/../../../../arm-atollic-eabi/lib/armv7e-m/fpu\libm.a(lib_a-s_round.o)
 .ARM.attributes
                0x000005c5       0x34 c:/program files (x86)/atollic/truestudio for arm 8.0.0/armtools/bin/../lib/gcc/arm-atollic-eabi/6.3.1/../../../../arm-atollic-eabi/lib/armv7e-m/fpu\libm.a(lib_a-w_atan2.o)
 .ARM.attributes
                0x000005f9       0x34 c:/program files (x86)/atollic/truestudio for arm 8.0.0/armtools/bin/../lib/gcc/arm-atollic-eabi/6.3.1/../../../../arm-atollic-eabi/lib/armv7e-m/fpu\libm.a(lib_a-e_atan2.o)
 .ARM.attributes
                0x0000062d       0x34 c:/program files (x86)/atollic/truestudio for arm 8.0.0/armtools/bin/../lib/gcc/arm-atollic-eabi/6.3.1/../../../../arm-atollic-eabi/lib/armv7e-m/fpu\libm.a(lib_a-s_atan.o)
 .ARM.attributes
                0x00000661       0x34 c:/program files (x86)/atollic/truestudio for arm 8.0.0/armtools/bin/../lib/gcc/arm-atollic-eabi/6.3.1/../../../../arm-atollic-eabi/lib/armv7e-m/fpu\libm.a(lib_a-s_fabs.o)
 .ARM.attributes
                0x00000695       0x22 c:/program files (x86)/atollic/truestudio for arm 8.0.0/armtools/bin/../lib/gcc/arm-atollic-eabi/6.3.1/armv7e-m/fpu\libgcc.a(_arm_addsubdf3.o)
 .ARM.attributes
                0x000006b7       0x22 c:/program files (x86)/atollic/truestudio for arm 8.0.0/armtools/bin/../lib/gcc/arm-atollic-eabi/6.3.1/armv7e-m/fpu\libgcc.a(_arm_muldivdf3.o)
 .ARM.attributes
                0x000006d9       0x22 c:/program files (x86)/atollic/truestudio for arm 8.0.0/armtools/bin/../lib/gcc/arm-atollic-eabi/6.3.1/armv7e-m/fpu\libgcc.a(_arm_cmpdf2.o)
 .ARM.attributes
                0x000006fb       0x22 c:/program files (x86)/atollic/truestudio for arm 8.0.0/armtools/bin/../lib/gcc/arm-atollic-eabi/6.3.1/armv7e-m/fpu\libgcc.a(_arm_fixunsdfsi.o)
 .ARM.attributes
                0x0000071d       0x22 c:/program files (x86)/atollic/truestudio for arm 8.0.0/armtools/bin/../lib/gcc/arm-atollic-eabi/6.3.1/armv7e-m/fpu\libgcc.a(_arm_truncdfsf2.o)
 .ARM.attributes
                0x0000073f       0x22 c:/program files (x86)/atollic/truestudio for arm 8.0.0/armtools/bin/../lib/gcc/arm-atollic-eabi/6.3.1/armv7e-m/fpu/crtn.o
OUTPUT(Quadcopter.elf elf32-littlearm)

.debug_info     0x00000000    0x1d733
 .debug_info    0x00000000     0x107b Drivers\STM32F4xx_HAL_Driver\Src\stm32f4xx_hal.o
 .debug_info    0x0000107b     0x14ec Drivers\STM32F4xx_HAL_Driver\Src\stm32f4xx_hal_adc.o
 .debug_info    0x00002567     0x1315 Drivers\STM32F4xx_HAL_Driver\Src\stm32f4xx_hal_adc_ex.o
 .debug_info    0x0000387c     0x154c Drivers\STM32F4xx_HAL_Driver\Src\stm32f4xx_hal_cortex.o
 .debug_info    0x00004dc8     0x111b Drivers\STM32F4xx_HAL_Driver\Src\stm32f4xx_hal_dma.o
 .debug_info    0x00005ee3      0xf9f Drivers\STM32F4xx_HAL_Driver\Src\stm32f4xx_hal_gpio.o
 .debug_info    0x00006e82     0x2889 Drivers\STM32F4xx_HAL_Driver\Src\stm32f4xx_hal_i2c.o
 .debug_info    0x0000970b     0x137f Drivers\STM32F4xx_HAL_Driver\Src\stm32f4xx_hal_rcc.o
 .debug_info    0x0000aa8a     0x29f1 Drivers\STM32F4xx_HAL_Driver\Src\stm32f4xx_hal_tim.o
 .debug_info    0x0000d47b     0x17ca Drivers\STM32F4xx_HAL_Driver\Src\stm32f4xx_hal_tim_ex.o
 .debug_info    0x0000ec45     0x19d5 Drivers\STM32F4xx_HAL_Driver\Src\stm32f4xx_hal_uart.o
 .debug_info    0x0001061a     0x212b Src\HW_Init.o
 .debug_info    0x00012745      0x2df Src\Kalman.o
 .debug_info    0x00012a24     0x126e Src\diagnostics.o
 .debug_info    0x00013c92      0xe41 Src\main.o
 .debug_info    0x00014ad3      0xe8e Src\motor_control.o
 .debug_info    0x00015961     0x1659 Src\mpu6050.o
 .debug_info    0x00016fba     0x127a Src\sensors.o
 .debug_info    0x00018234     0x1629 Src\serial.o
 .debug_info    0x0001985d     0x1afa Src\stm32f4xx_hal_msp.o
 .debug_info    0x0001b357     0x162a Src\stm32f4xx_it.o
 .debug_info    0x0001c981      0xd41 Src\system_stm32f4xx.o
 .debug_info    0x0001d6c2       0x71 startup\startup_stm32f401xe.o

.debug_abbrev   0x00000000     0x34bc
 .debug_abbrev  0x00000000      0x2d5 Drivers\STM32F4xx_HAL_Driver\Src\stm32f4xx_hal.o
 .debug_abbrev  0x000002d5      0x290 Drivers\STM32F4xx_HAL_Driver\Src\stm32f4xx_hal_adc.o
 .debug_abbrev  0x00000565      0x250 Drivers\STM32F4xx_HAL_Driver\Src\stm32f4xx_hal_adc_ex.o
 .debug_abbrev  0x000007b5      0x371 Drivers\STM32F4xx_HAL_Driver\Src\stm32f4xx_hal_cortex.o
 .debug_abbrev  0x00000b26      0x279 Drivers\STM32F4xx_HAL_Driver\Src\stm32f4xx_hal_dma.o
 .debug_abbrev  0x00000d9f      0x24c Drivers\STM32F4xx_HAL_Driver\Src\stm32f4xx_hal_gpio.o
 .debug_abbrev  0x00000feb      0x2a1 Drivers\STM32F4xx_HAL_Driver\Src\stm32f4xx_hal_i2c.o
 .debug_abbrev  0x0000128c      0x325 Drivers\STM32F4xx_HAL_Driver\Src\stm32f4xx_hal_rcc.o
 .debug_abbrev  0x000015b1      0x2ab Drivers\STM32F4xx_HAL_Driver\Src\stm32f4xx_hal_tim.o
 .debug_abbrev  0x0000185c      0x288 Drivers\STM32F4xx_HAL_Driver\Src\stm32f4xx_hal_tim_ex.o
 .debug_abbrev  0x00001ae4      0x2bd Drivers\STM32F4xx_HAL_Driver\Src\stm32f4xx_hal_uart.o
 .debug_abbrev  0x00001da1      0x283 Src\HW_Init.o
 .debug_abbrev  0x00002024       0xfc Src\Kalman.o
 .debug_abbrev  0x00002120      0x260 Src\diagnostics.o
 .debug_abbrev  0x00002380      0x22e Src\main.o
 .debug_abbrev  0x000025ae      0x1e4 Src\motor_control.o
 .debug_abbrev  0x00002792      0x253 Src\mpu6050.o
 .debug_abbrev  0x000029e5      0x23f Src\sensors.o
 .debug_abbrev  0x00002c24      0x271 Src\serial.o
 .debug_abbrev  0x00002e95      0x239 Src\stm32f4xx_hal_msp.o
 .debug_abbrev  0x000030ce      0x212 Src\stm32f4xx_it.o
 .debug_abbrev  0x000032e0      0x1ca Src\system_stm32f4xx.o
 .debug_abbrev  0x000034aa       0x12 startup\startup_stm32f401xe.o

.debug_aranges  0x00000000      0x2e8
 .debug_aranges
                0x00000000       0x20 Drivers\STM32F4xx_HAL_Driver\Src\stm32f4xx_hal.o
 .debug_aranges
                0x00000020       0x20 Drivers\STM32F4xx_HAL_Driver\Src\stm32f4xx_hal_adc.o
 .debug_aranges
                0x00000040       0x20 Drivers\STM32F4xx_HAL_Driver\Src\stm32f4xx_hal_adc_ex.o
 .debug_aranges
                0x00000060       0x20 Drivers\STM32F4xx_HAL_Driver\Src\stm32f4xx_hal_cortex.o
 .debug_aranges
                0x00000080       0x20 Drivers\STM32F4xx_HAL_Driver\Src\stm32f4xx_hal_dma.o
 .debug_aranges
                0x000000a0       0x20 Drivers\STM32F4xx_HAL_Driver\Src\stm32f4xx_hal_gpio.o
 .debug_aranges
                0x000000c0       0x20 Drivers\STM32F4xx_HAL_Driver\Src\stm32f4xx_hal_i2c.o
 .debug_aranges
                0x000000e0       0x20 Drivers\STM32F4xx_HAL_Driver\Src\stm32f4xx_hal_rcc.o
 .debug_aranges
                0x00000100       0x20 Drivers\STM32F4xx_HAL_Driver\Src\stm32f4xx_hal_tim.o
 .debug_aranges
                0x00000120       0x20 Drivers\STM32F4xx_HAL_Driver\Src\stm32f4xx_hal_tim_ex.o
 .debug_aranges
                0x00000140       0x20 Drivers\STM32F4xx_HAL_Driver\Src\stm32f4xx_hal_uart.o
 .debug_aranges
                0x00000160       0x20 Src\HW_Init.o
 .debug_aranges
                0x00000180       0x20 Src\Kalman.o
 .debug_aranges
                0x000001a0       0x20 Src\diagnostics.o
 .debug_aranges
                0x000001c0       0x20 Src\main.o
 .debug_aranges
                0x000001e0       0x20 Src\motor_control.o
 .debug_aranges
                0x00000200       0x20 Src\mpu6050.o
 .debug_aranges
                0x00000220       0x20 Src\sensors.o
 .debug_aranges
                0x00000240       0x20 Src\serial.o
 .debug_aranges
                0x00000260       0x20 Src\stm32f4xx_hal_msp.o
 .debug_aranges
                0x00000280       0x20 Src\stm32f4xx_it.o
 .debug_aranges
                0x000002a0       0x20 Src\system_stm32f4xx.o
 .debug_aranges
                0x000002c0       0x28 startup\startup_stm32f401xe.o

.debug_line     0x00000000     0x6dc3
 .debug_line    0x00000000      0x335 Drivers\STM32F4xx_HAL_Driver\Src\stm32f4xx_hal.o
 .debug_line    0x00000335      0x5b6 Drivers\STM32F4xx_HAL_Driver\Src\stm32f4xx_hal_adc.o
 .debug_line    0x000008eb      0x532 Drivers\STM32F4xx_HAL_Driver\Src\stm32f4xx_hal_adc_ex.o
 .debug_line    0x00000e1d      0x405 Drivers\STM32F4xx_HAL_Driver\Src\stm32f4xx_hal_cortex.o
 .debug_line    0x00001222      0x4c7 Drivers\STM32F4xx_HAL_Driver\Src\stm32f4xx_hal_dma.o
 .debug_line    0x000016e9      0x3f8 Drivers\STM32F4xx_HAL_Driver\Src\stm32f4xx_hal_gpio.o
 .debug_line    0x00001ae1      0xf17 Drivers\STM32F4xx_HAL_Driver\Src\stm32f4xx_hal_i2c.o
 .debug_line    0x000029f8      0x563 Drivers\STM32F4xx_HAL_Driver\Src\stm32f4xx_hal_rcc.o
 .debug_line    0x00002f5b      0xd1b Drivers\STM32F4xx_HAL_Driver\Src\stm32f4xx_hal_tim.o
 .debug_line    0x00003c76      0x6ad Drivers\STM32F4xx_HAL_Driver\Src\stm32f4xx_hal_tim_ex.o
 .debug_line    0x00004323      0x8e0 Drivers\STM32F4xx_HAL_Driver\Src\stm32f4xx_hal_uart.o
 .debug_line    0x00004c03      0x454 Src\HW_Init.o
 .debug_line    0x00005057       0x83 Src\Kalman.o
 .debug_line    0x000050da      0x2f4 Src\diagnostics.o
 .debug_line    0x000053ce      0x275 Src\main.o
 .debug_line    0x00005643      0x31b Src\motor_control.o
 .debug_line    0x0000595e      0x3d8 Src\mpu6050.o
 .debug_line    0x00005d36      0x382 Src\sensors.o
 .debug_line    0x000060b8      0x340 Src\serial.o
 .debug_line    0x000063f8      0x363 Src\stm32f4xx_hal_msp.o
 .debug_line    0x0000675b      0x38c Src\stm32f4xx_it.o
 .debug_line    0x00006ae7      0x25d Src\system_stm32f4xx.o
 .debug_line    0x00006d44       0x7f startup\startup_stm32f401xe.o

.debug_str      0x00000000     0x50e8
 .debug_str     0x00000000      0xcab Drivers\STM32F4xx_HAL_Driver\Src\stm32f4xx_hal.o
                                0xd58 (size before relaxing)
 .debug_str     0x00000cab      0x643 Drivers\STM32F4xx_HAL_Driver\Src\stm32f4xx_hal_adc.o
                                0xd55 (size before relaxing)
 .debug_str     0x000012ee      0x302 Drivers\STM32F4xx_HAL_Driver\Src\stm32f4xx_hal_adc_ex.o
                                0xd7b (size before relaxing)
 .debug_str     0x000015f0      0x408 Drivers\STM32F4xx_HAL_Driver\Src\stm32f4xx_hal_cortex.o
                                0xf04 (size before relaxing)
 .debug_str     0x000019f8      0x30e Drivers\STM32F4xx_HAL_Driver\Src\stm32f4xx_hal_dma.o
                                0xbb6 (size before relaxing)
 .debug_str     0x00001d06      0x1c8 Drivers\STM32F4xx_HAL_Driver\Src\stm32f4xx_hal_gpio.o
                                0x94e (size before relaxing)
 .debug_str     0x00001ece      0xa35 Drivers\STM32F4xx_HAL_Driver\Src\stm32f4xx_hal_i2c.o
                               0x1333 (size before relaxing)
 .debug_str     0x00002903      0x2c5 Drivers\STM32F4xx_HAL_Driver\Src\stm32f4xx_hal_rcc.o
                                0xae1 (size before relaxing)
 .debug_str     0x00002bc8      0xea4 Drivers\STM32F4xx_HAL_Driver\Src\stm32f4xx_hal_tim.o
                               0x17ac (size before relaxing)
 .debug_str     0x00003a6c      0x543 Drivers\STM32F4xx_HAL_Driver\Src\stm32f4xx_hal_tim_ex.o
                               0x1067 (size before relaxing)
 .debug_str     0x00003faf      0x6b9 Drivers\STM32F4xx_HAL_Driver\Src\stm32f4xx_hal_uart.o
                                0xfd8 (size before relaxing)
 .debug_str     0x00004668      0x3a5 Src\HW_Init.o
                               0x1bcd (size before relaxing)
 .debug_str     0x00004a0d       0x9d Src\Kalman.o
                                0x1ab (size before relaxing)
 .debug_str     0x00004aaa       0x4f Src\diagnostics.o
                                0xf9d (size before relaxing)
 .debug_str     0x00004af9       0xbe Src\main.o
                                0xbfc (size before relaxing)
 .debug_str     0x00004bb7       0x99 Src\motor_control.o
                                0xacd (size before relaxing)
 .debug_str     0x00004c50      0x238 Src\mpu6050.o
                               0x1024 (size before relaxing)
 .debug_str     0x00004e88       0xb0 Src\sensors.o
                                0xe74 (size before relaxing)
 .debug_str     0x00004f38       0xea Src\serial.o
                               0x118c (size before relaxing)
 .debug_str     0x00005022       0x39 Src\stm32f4xx_hal_msp.o
                               0x158a (size before relaxing)
 .debug_str     0x0000505b       0x48 Src\stm32f4xx_it.o
                               0x10d7 (size before relaxing)
 .debug_str     0x000050a3       0x45 Src\system_stm32f4xx.o
                                0x7b2 (size before relaxing)

.comment        0x00000000       0x7c
 .comment       0x00000000       0x7c Drivers\STM32F4xx_HAL_Driver\Src\stm32f4xx_hal.o
                                 0x7d (size before relaxing)
 .comment       0x0000007c       0x7d Drivers\STM32F4xx_HAL_Driver\Src\stm32f4xx_hal_adc.o
 .comment       0x0000007c       0x7d Drivers\STM32F4xx_HAL_Driver\Src\stm32f4xx_hal_adc_ex.o
 .comment       0x0000007c       0x7d Drivers\STM32F4xx_HAL_Driver\Src\stm32f4xx_hal_cortex.o
 .comment       0x0000007c       0x7d Drivers\STM32F4xx_HAL_Driver\Src\stm32f4xx_hal_dma.o
 .comment       0x0000007c       0x7d Drivers\STM32F4xx_HAL_Driver\Src\stm32f4xx_hal_gpio.o
 .comment       0x0000007c       0x7d Drivers\STM32F4xx_HAL_Driver\Src\stm32f4xx_hal_i2c.o
 .comment       0x0000007c       0x7d Drivers\STM32F4xx_HAL_Driver\Src\stm32f4xx_hal_rcc.o
 .comment       0x0000007c       0x7d Drivers\STM32F4xx_HAL_Driver\Src\stm32f4xx_hal_tim.o
 .comment       0x0000007c       0x7d Drivers\STM32F4xx_HAL_Driver\Src\stm32f4xx_hal_tim_ex.o
 .comment       0x0000007c       0x7d Drivers\STM32F4xx_HAL_Driver\Src\stm32f4xx_hal_uart.o
 .comment       0x0000007c       0x7d Src\HW_Init.o
 .comment       0x0000007c       0x7d Src\Kalman.o
 .comment       0x0000007c       0x7d Src\diagnostics.o
 .comment       0x0000007c       0x7d Src\main.o
 .comment       0x0000007c       0x7d Src\motor_control.o
 .comment       0x0000007c       0x7d Src\mpu6050.o
 .comment       0x0000007c       0x7d Src\sensors.o
 .comment       0x0000007c       0x7d Src\serial.o
 .comment       0x0000007c       0x7d Src\stm32f4xx_hal_msp.o
 .comment       0x0000007c       0x7d Src\stm32f4xx_it.o
 .comment       0x0000007c       0x7d Src\system_stm32f4xx.o

.debug_frame    0x00000000     0x4900
 .debug_frame   0x00000000      0x2e8 Drivers\STM32F4xx_HAL_Driver\Src\stm32f4xx_hal.o
 .debug_frame   0x000002e8      0x400 Drivers\STM32F4xx_HAL_Driver\Src\stm32f4xx_hal_adc.o
 .debug_frame   0x000006e8      0x254 Drivers\STM32F4xx_HAL_Driver\Src\stm32f4xx_hal_adc_ex.o
 .debug_frame   0x0000093c      0x498 Drivers\STM32F4xx_HAL_Driver\Src\stm32f4xx_hal_cortex.o
 .debug_frame   0x00000dd4      0x250 Drivers\STM32F4xx_HAL_Driver\Src\stm32f4xx_hal_dma.o
 .debug_frame   0x00001024      0x14c Drivers\STM32F4xx_HAL_Driver\Src\stm32f4xx_hal_gpio.o
 .debug_frame   0x00001170      0xb30 Drivers\STM32F4xx_HAL_Driver\Src\stm32f4xx_hal_i2c.o
 .debug_frame   0x00001ca0      0x200 Drivers\STM32F4xx_HAL_Driver\Src\stm32f4xx_hal_rcc.o
 .debug_frame   0x00001ea0      0xfb4 Drivers\STM32F4xx_HAL_Driver\Src\stm32f4xx_hal_tim.o
 .debug_frame   0x00002e54      0x574 Drivers\STM32F4xx_HAL_Driver\Src\stm32f4xx_hal_tim_ex.o
 .debug_frame   0x000033c8      0x83c Drivers\STM32F4xx_HAL_Driver\Src\stm32f4xx_hal_uart.o
 .debug_frame   0x00003c04      0x140 Src\HW_Init.o
 .debug_frame   0x00003d44      0x1a0 Src\Kalman.o
 .debug_frame   0x00003ee4       0x84 Src\diagnostics.o
 .debug_frame   0x00003f68       0x74 Src\main.o
 .debug_frame   0x00003fdc       0x38 Src\motor_control.o
 .debug_frame   0x00004014      0x1b8 Src\mpu6050.o
 .debug_frame   0x000041cc       0x84 Src\sensors.o
 .debug_frame   0x00004250      0x138 Src\serial.o
 .debug_frame   0x00004388      0x170 Src\stm32f4xx_hal_msp.o
 .debug_frame   0x000044f8       0x90 Src\stm32f4xx_it.o
 .debug_frame   0x00004588       0x58 Src\system_stm32f4xx.o
 .debug_frame   0x000045e0       0x2c c:/program files (x86)/atollic/truestudio for arm 8.0.0/armtools/bin/../lib/gcc/arm-atollic-eabi/6.3.1/../../../../arm-atollic-eabi/lib/armv7e-m/fpu\libc_nano.a(lib_a-init.o)
 .debug_frame   0x0000460c       0x30 c:/program files (x86)/atollic/truestudio for arm 8.0.0/armtools/bin/../lib/gcc/arm-atollic-eabi/6.3.1/../../../../arm-atollic-eabi/lib/armv7e-m/fpu\libm.a(lib_a-s_round.o)
 .debug_frame   0x0000463c       0x20 c:/program files (x86)/atollic/truestudio for arm 8.0.0/armtools/bin/../lib/gcc/arm-atollic-eabi/6.3.1/../../../../arm-atollic-eabi/lib/armv7e-m/fpu\libm.a(lib_a-w_atan2.o)
 .debug_frame   0x0000465c       0x44 c:/program files (x86)/atollic/truestudio for arm 8.0.0/armtools/bin/../lib/gcc/arm-atollic-eabi/6.3.1/../../../../arm-atollic-eabi/lib/armv7e-m/fpu\libm.a(lib_a-e_atan2.o)
 .debug_frame   0x000046a0       0x38 c:/program files (x86)/atollic/truestudio for arm 8.0.0/armtools/bin/../lib/gcc/arm-atollic-eabi/6.3.1/../../../../arm-atollic-eabi/lib/armv7e-m/fpu\libm.a(lib_a-s_atan.o)
 .debug_frame   0x000046d8       0x20 c:/program files (x86)/atollic/truestudio for arm 8.0.0/armtools/bin/../lib/gcc/arm-atollic-eabi/6.3.1/../../../../arm-atollic-eabi/lib/armv7e-m/fpu\libm.a(lib_a-s_fabs.o)
 .debug_frame   0x000046f8       0xac c:/program files (x86)/atollic/truestudio for arm 8.0.0/armtools/bin/../lib/gcc/arm-atollic-eabi/6.3.1/armv7e-m/fpu\libgcc.a(_arm_addsubdf3.o)
 .debug_frame   0x000047a4       0x50 c:/program files (x86)/atollic/truestudio for arm 8.0.0/armtools/bin/../lib/gcc/arm-atollic-eabi/6.3.1/armv7e-m/fpu\libgcc.a(_arm_muldivdf3.o)
 .debug_frame   0x000047f4       0xc4 c:/program files (x86)/atollic/truestudio for arm 8.0.0/armtools/bin/../lib/gcc/arm-atollic-eabi/6.3.1/armv7e-m/fpu\libgcc.a(_arm_cmpdf2.o)
 .debug_frame   0x000048b8       0x24 c:/program files (x86)/atollic/truestudio for arm 8.0.0/armtools/bin/../lib/gcc/arm-atollic-eabi/6.3.1/armv7e-m/fpu\libgcc.a(_arm_fixunsdfsi.o)
 .debug_frame   0x000048dc       0x24 c:/program files (x86)/atollic/truestudio for arm 8.0.0/armtools/bin/../lib/gcc/arm-atollic-eabi/6.3.1/armv7e-m/fpu\libgcc.a(_arm_truncdfsf2.o)

.debug_ranges   0x00000000       0x20
 .debug_ranges  0x00000000       0x20 startup\startup_stm32f401xe.o
