stm32f4xx_hal_uart.c:246:19:HAL_UART_Init	16	static
stm32f4xx_hal_uart.c:308:19:HAL_HalfDuplex_Init	16	static
stm32f4xx_hal_uart.c:368:19:HAL_LIN_Init	16	static
stm32f4xx_hal_uart.c:434:19:HAL_MultiProcessor_Init	24	static
stm32f4xx_hal_uart.c:497:19:HAL_UART_DeInit	16	static
stm32f4xx_hal_uart.c:529:14:HAL_UART_MspInit	16	static
stm32f4xx_hal_uart.c:544:14:HAL_UART_MspDeInit	16	static
stm32f4xx_hal_uart.c:618:19:HAL_UART_Transmit	40	static
stm32f4xx_hal_uart.c:700:19:HAL_UART_Receive	40	static
stm32f4xx_hal_uart.c:788:19:HAL_UART_Transmit_IT	24	static
stm32f4xx_hal_uart.c:830:19:HAL_UART_Receive_IT	24	static
stm32f4xx_hal_uart.c:875:19:HAL_UART_Transmit_DMA	32	static
stm32f4xx_hal_uart.c:940:19:HAL_UART_Receive_DMA	32	static
stm32f4xx_hal_uart.c:1007:19:HAL_UART_DMAPause	24	static
stm32f4xx_hal_uart.c:1042:19:HAL_UART_DMAResume	24	static
stm32f4xx_hal_uart.c:1077:19:HAL_UART_DMAStop	24	static
stm32f4xx_hal_uart.c:1129:19:HAL_UART_Abort	16	static
stm32f4xx_hal_uart.c:1193:19:HAL_UART_AbortTransmit	16	static
stm32f4xx_hal_uart.c:1235:19:HAL_UART_AbortReceive	16	static
stm32f4xx_hal_uart.c:1280:19:HAL_UART_Abort_IT	24	static
stm32f4xx_hal_uart.c:1402:19:HAL_UART_AbortTransmit_IT	16	static
stm32f4xx_hal_uart.c:1467:19:HAL_UART_AbortReceive_IT	16	static
stm32f4xx_hal_uart.c:1525:6:HAL_UART_IRQHandler	40	static
stm32f4xx_hal_uart.c:1652:14:HAL_UART_TxCpltCallback	16	static
stm32f4xx_hal_uart.c:1667:14:HAL_UART_TxHalfCpltCallback	16	static
stm32f4xx_hal_uart.c:1682:13:HAL_UART_RxCpltCallback	16	static
stm32f4xx_hal_uart.c:1697:13:HAL_UART_RxHalfCpltCallback	16	static
stm32f4xx_hal_uart.c:1712:14:HAL_UART_ErrorCallback	16	static
stm32f4xx_hal_uart.c:1726:13:HAL_UART_AbortCpltCallback	16	static
stm32f4xx_hal_uart.c:1740:13:HAL_UART_AbortTransmitCpltCallback	16	static
stm32f4xx_hal_uart.c:1755:13:HAL_UART_AbortReceiveCpltCallback	16	static
stm32f4xx_hal_uart.c:1792:19:HAL_LIN_SendBreak	16	static
stm32f4xx_hal_uart.c:1819:19:HAL_MultiProcessor_EnterMuteMode	16	static
stm32f4xx_hal_uart.c:1846:19:HAL_MultiProcessor_ExitMuteMode	16	static
stm32f4xx_hal_uart.c:1873:19:HAL_HalfDuplex_EnableTransmitter	24	static
stm32f4xx_hal_uart.c:1908:19:HAL_HalfDuplex_EnableReceiver	24	static
stm32f4xx_hal_uart.c:1965:23:HAL_UART_GetState	24	static
stm32f4xx_hal_uart.c:1980:10:HAL_UART_GetError	16	static
stm32f4xx_hal_uart.c:1994:13:UART_DMATransmitCplt	24	static
stm32f4xx_hal_uart.c:2023:13:UART_DMATxHalfCplt	24	static
stm32f4xx_hal_uart.c:2035:13:UART_DMAReceiveCplt	24	static
stm32f4xx_hal_uart.c:2063:13:UART_DMARxHalfCplt	24	static
stm32f4xx_hal_uart.c:2075:13:UART_DMAError	24	static
stm32f4xx_hal_uart.c:2110:26:UART_WaitOnFlagUntilTimeout	24	static
stm32f4xx_hal_uart.c:2143:13:UART_EndTxTransfer	16	static
stm32f4xx_hal_uart.c:2157:13:UART_EndRxTransfer	16	static
stm32f4xx_hal_uart.c:2173:13:UART_DMAAbortOnError	24	static
stm32f4xx_hal_uart.c:2190:13:UART_DMATxAbortCallback	24	static
stm32f4xx_hal_uart.c:2228:13:UART_DMARxAbortCallback	24	static
stm32f4xx_hal_uart.c:2266:13:UART_DMATxOnlyAbortCallback	24	static
stm32f4xx_hal_uart.c:2287:13:UART_DMARxOnlyAbortCallback	24	static
stm32f4xx_hal_uart.c:2306:26:UART_Transmit_IT	24	static
stm32f4xx_hal_uart.c:2353:26:UART_EndTransmit_IT	16	static
stm32f4xx_hal_uart.c:2372:26:UART_Receive_IT	24	static
stm32f4xx_hal_uart.c:2434:13:UART_SetConfig	40	static
